[    0.000000] Linux version 6.18.25-xanmod1 (nixbld@localhost) (gcc (GCC) 14.3.0, GNU ld (GNU Binutils) 2.44) #1-NixOS SMP PREEMPT_DYNAMIC Tue Jan  1 00:00:00 UTC 1980
[    0.000000] Command line: initrd=\EFI\nixos\hhbcp564acxhag2jm6n1hlp4bgcbvlw3-initrd-linux-xanmod-6.18.25-initrd.efi init=/nix/store/l82wb2m3fyq5hgny11jjlai01l2xf8df-nixos-system-otus-25.11.20260501.26ef669/init quiet splash pci=noaer udev.log_level=3 rd.udev.log_level=3 mitigations=off amd_iommu=on ivrs_ioapic[4]=00:14.0 ivrs_ioapic[5]=00:00.2 root=fstab loglevel=4 lsm=landlock,yama,bpf
[    0.000000] BIOS-provided physical RAM map:
[    0.000000] BIOS-e820: [mem 0x0000000000000000-0x0000000000086fff] usable
[    0.000000] BIOS-e820: [mem 0x0000000000087000-0x0000000000087fff] ACPI NVS
[    0.000000] BIOS-e820: [mem 0x0000000000088000-0x000000000008bfff] usable
[    0.000000] BIOS-e820: [mem 0x000000000008c000-0x000000000009ffff] reserved
[    0.000000] BIOS-e820: [mem 0x00000000000e0000-0x00000000000fffff] reserved
[    0.000000] BIOS-e820: [mem 0x0000000000100000-0x00000000d9c48fff] usable
[    0.000000] BIOS-e820: [mem 0x00000000d9c49000-0x00000000ddfb5fff] reserved
[    0.000000] BIOS-e820: [mem 0x00000000ddfb6000-0x00000000de0d5fff] ACPI NVS
[    0.000000] BIOS-e820: [mem 0x00000000de0d6000-0x00000000de155fff] ACPI data
[    0.000000] BIOS-e820: [mem 0x00000000de156000-0x00000000de157fff] usable
[    0.000000] BIOS-e820: [mem 0x00000000de158000-0x00000000de55afff] reserved
[    0.000000] BIOS-e820: [mem 0x00000000de55b000-0x00000000df7fffff] usable
[    0.000000] BIOS-e820: [mem 0x00000000df800000-0x00000000dfffffff] reserved
[    0.000000] BIOS-e820: [mem 0x00000000e8800000-0x00000000e88fffff] reserved
[    0.000000] BIOS-e820: [mem 0x00000000fed80000-0x00000000fed80fff] reserved
[    0.000000] BIOS-e820: [mem 0x0000000100000000-0x0000000119ffffff] usable
[    0.000000] NX (Execute Disable) protection: active
[    0.000000] APIC: Static calls initialized
[    0.000000] efi: EFI v2.5 by Phoenix Technologies Ltd.
[    0.000000] efi: TPMFinalLog=0xde00a000 ACPI=0xde155000 ACPI 2.0=0xde155014 SMBIOS=0xdb7da000 SMBIOS 3.0=0xdb7cd000 ESRT=0xdb79b000 MEMATTR=0xd7195018 RNG=0xde12d018 INITRD=0xd53e9818 TPMEventLog=0xde123018 
[    0.000000] random: crng init done
[    0.000000] efi: Remove mem40: MMIO range=[0xe8800000-0xe88fffff] (1MB) from e820 map
[    0.000000] e820: remove [mem 0xe8800000-0xe88fffff] reserved
[    0.000000] efi: Not removing mem41: MMIO range=[0xfed80000-0xfed80fff] (4KB) from e820 map
[    0.000000] SMBIOS 3.0.0 present.
[    0.000000] DMI: LENOVO 81VS/LNVNB161216, BIOS CWCN23WW 05/05/2021
[    0.000000] DMI: Memory slots populated: 1/1
[    0.000000] e820: update [mem 0x00000000-0x00000fff] usable ==> reserved
[    0.000000] e820: remove [mem 0x000a0000-0x000fffff] usable
[    0.000000] last_pfn = 0x11a000 max_arch_pfn = 0x400000000
[    0.000000] MTRR map: 7 entries (3 fixed + 4 variable; max 20), built from 9 variable MTRRs
[    0.000000] x86/PAT: Configuration [0-7]: WB  WC  UC- UC  WB  WP  UC- WT  
[    0.000000] last_pfn = 0xdf800 max_arch_pfn = 0x400000000
[    0.000000] esrt: Reserving ESRT space from 0x00000000db79b000 to 0x00000000db79b060.
[    0.000000] Using GB pages for direct mapping
[    0.000000] Secure boot disabled
[    0.000000] RAMDISK: [mem 0xd0a17000-0xd2289fff]
[    0.000000] ACPI: Early table checksum verification disabled
[    0.000000] ACPI: RSDP 0x00000000DE155014 000024 (v02 LENOVO)
[    0.000000] ACPI: XSDT 0x00000000DE12E188 0000DC (v01 LENOVO CB-01    00000003 LENO 00000001)
[    0.000000] ACPI: FACP 0x00000000DE152000 00010C (v05 LENOVO CB-01    00000003 LENO 00000001)
[    0.000000] ACPI: DSDT 0x00000000DE142000 00AF5D (v01 LENOVO AMD      00001000 INTL 20120711)
[    0.000000] ACPI: FACS 0x00000000DDFE9000 000040
[    0.000000] ACPI: UEFI 0x00000000DDFEC000 000042 (v01 LENOVO CB-01    00000002 LENO 00000001)
[    0.000000] ACPI: HPET 0x00000000DE151000 000038 (v01 LENOVO CB-01    00000001 LENO 00000001)
[    0.000000] ACPI: APIC 0x00000000DE150000 000090 (v02 LENOVO CB-01    00000000 LENO 00000001)
[    0.000000] ACPI: MCFG 0x00000000DE14F000 00003C (v01 LENOVO CB-01    00000001 LENO 00000001)
[    0.000000] ACPI: SBST 0x00000000DE14E000 000030 (v01 LENOVO CB-01    00000001 LENO 00000001)
[    0.000000] ACPI: WSMT 0x00000000DE14D000 000028 (v01 LENOVO CB-01    00000000 LENO 00000001)
[    0.000000] ACPI: MSDM 0x00000000DE140000 000055 (v03 LENOVO CB-01    00000000 LENO 00000001)
[    0.000000] ACPI: SLIC 0x00000000DE13F000 000176 (v01 LENOVO CB-01    00000001 LENO 00000001)
[    0.000000] ACPI: BATB 0x00000000DE13E000 00004A (v02 LENOVO CB-01    00000000 LENO 00000001)
[    0.000000] ACPI: SSDT 0x00000000DE138000 004B5B (v02 LENOVO AGESA    00000002 MSFT 04000000)
[    0.000000] ACPI: IVRS 0x00000000DE137000 0000D0 (v02 LENOVO CB-01    00000001 LENO 00000001)
[    0.000000] ACPI: CRAT 0x00000000DE136000 0002E8 (v01 LENOVO CB-01    00000001 LENO 00000001)
[    0.000000] ACPI: TPM2 0x00000000DE135000 000034 (v03 LENOVO CB-01    00000000 LENO 00000001)
[    0.000000] ACPI: SSDT 0x00000000DE141000 00065D (v01 LENOVO Tpm2Tabl 00009999 INTL 20120711)
[    0.000000] ACPI: SSDT 0x00000000DE153000 0003E2 (v02 LENOVO Tpm2Tabl 00001000 INTL 20120711)
[    0.000000] ACPI: SSDT 0x00000000DE13D000 00043C (v01 LENOVO AGESA    00000001 AMD  00000001)
[    0.000000] ACPI: SSDT 0x00000000DE134000 00017C (v01 LENOVO CPMEC    00000001 INTL 20120711)
[    0.000000] ACPI: SSDT 0x00000000DE132000 00165C (v01 LENOVO CPMDFIGP 00000001 INTL 20120711)
[    0.000000] ACPI: FPDT 0x00000000DE131000 000034 (v01 LENOVO CB-01    00000002 LENO 00000001)
[    0.000000] ACPI: SSDT 0x00000000DE12F000 001769 (v01 LENOVO CPMCMN   00000001 INTL 20120711)
[    0.000000] ACPI: BGRT 0x00000000DE154000 000038 (v01 LENOVO CB-01    00000002 LENO 00000001)
[    0.000000] ACPI: UEFI 0x00000000DDFE3000 00017A (v01 LENOVO CB-01    00000001 LENO 00000001)
[    0.000000] ACPI: Reserving FACP table memory at [mem 0xde152000-0xde15210b]
[    0.000000] ACPI: Reserving DSDT table memory at [mem 0xde142000-0xde14cf5c]
[    0.000000] ACPI: Reserving FACS table memory at [mem 0xddfe9000-0xddfe903f]
[    0.000000] ACPI: Reserving UEFI table memory at [mem 0xddfec000-0xddfec041]
[    0.000000] ACPI: Reserving HPET table memory at [mem 0xde151000-0xde151037]
[    0.000000] ACPI: Reserving APIC table memory at [mem 0xde150000-0xde15008f]
[    0.000000] ACPI: Reserving MCFG table memory at [mem 0xde14f000-0xde14f03b]
[    0.000000] ACPI: Reserving SBST table memory at [mem 0xde14e000-0xde14e02f]
[    0.000000] ACPI: Reserving WSMT table memory at [mem 0xde14d000-0xde14d027]
[    0.000000] ACPI: Reserving MSDM table memory at [mem 0xde140000-0xde140054]
[    0.000000] ACPI: Reserving SLIC table memory at [mem 0xde13f000-0xde13f175]
[    0.000000] ACPI: Reserving BATB table memory at [mem 0xde13e000-0xde13e049]
[    0.000000] ACPI: Reserving SSDT table memory at [mem 0xde138000-0xde13cb5a]
[    0.000000] ACPI: Reserving IVRS table memory at [mem 0xde137000-0xde1370cf]
[    0.000000] ACPI: Reserving CRAT table memory at [mem 0xde136000-0xde1362e7]
[    0.000000] ACPI: Reserving TPM2 table memory at [mem 0xde135000-0xde135033]
[    0.000000] ACPI: Reserving SSDT table memory at [mem 0xde141000-0xde14165c]
[    0.000000] ACPI: Reserving SSDT table memory at [mem 0xde153000-0xde1533e1]
[    0.000000] ACPI: Reserving SSDT table memory at [mem 0xde13d000-0xde13d43b]
[    0.000000] ACPI: Reserving SSDT table memory at [mem 0xde134000-0xde13417b]
[    0.000000] ACPI: Reserving SSDT table memory at [mem 0xde132000-0xde13365b]
[    0.000000] ACPI: Reserving FPDT table memory at [mem 0xde131000-0xde131033]
[    0.000000] ACPI: Reserving SSDT table memory at [mem 0xde12f000-0xde130768]
[    0.000000] ACPI: Reserving BGRT table memory at [mem 0xde154000-0xde154037]
[    0.000000] ACPI: Reserving UEFI table memory at [mem 0xddfe3000-0xddfe3179]
[    0.000000] No NUMA configuration found
[    0.000000] Faking a node at [mem 0x0000000000000000-0x0000000119ffffff]
[    0.000000] NODE_DATA(0) allocated [mem 0x119ffa780-0x119fffcff]
[    0.000000] Zone ranges:
[    0.000000]   DMA      [mem 0x0000000000001000-0x0000000000ffffff]
[    0.000000]   DMA32    [mem 0x0000000001000000-0x00000000ffffffff]
[    0.000000]   Normal   [mem 0x0000000100000000-0x0000000119ffffff]
[    0.000000]   Device   empty
[    0.000000] Movable zone start for each node
[    0.000000] Early memory node ranges
[    0.000000]   node   0: [mem 0x0000000000001000-0x0000000000086fff]
[    0.000000]   node   0: [mem 0x0000000000088000-0x000000000008bfff]
[    0.000000]   node   0: [mem 0x0000000000100000-0x00000000d9c48fff]
[    0.000000]   node   0: [mem 0x00000000de156000-0x00000000de157fff]
[    0.000000]   node   0: [mem 0x00000000de55b000-0x00000000df7fffff]
[    0.000000]   node   0: [mem 0x0000000100000000-0x0000000119ffffff]
[    0.000000] Initmem setup node 0 [mem 0x0000000000001000-0x0000000119ffffff]
[    0.000000] On node 0, zone DMA: 1 pages in unavailable ranges
[    0.000000] On node 0, zone DMA: 1 pages in unavailable ranges
[    0.000000] On node 0, zone DMA: 116 pages in unavailable ranges
[    0.000000] On node 0, zone DMA32: 17677 pages in unavailable ranges
[    0.000000] On node 0, zone DMA32: 1027 pages in unavailable ranges
[    0.000000] On node 0, zone Normal: 2048 pages in unavailable ranges
[    0.000000] On node 0, zone Normal: 24576 pages in unavailable ranges
[    0.000000] ACPI: PM-Timer IO Port: 0x808
[    0.000000] ACPI: LAPIC_NMI (acpi_id[0x00] high edge lint[0x1])
[    0.000000] ACPI: LAPIC_NMI (acpi_id[0x01] high edge lint[0x1])
[    0.000000] ACPI: LAPIC_NMI (acpi_id[0x02] high edge lint[0x1])
[    0.000000] ACPI: LAPIC_NMI (acpi_id[0x03] high edge lint[0x1])
[    0.000000] IOAPIC[0]: apic_id 4, version 33, address 0xfec00000, GSI 0-23
[    0.000000] IOAPIC[1]: apic_id 5, version 33, address 0xfec01000, GSI 24-55
[    0.000000] ACPI: INT_SRC_OVR (bus 0 bus_irq 0 global_irq 2 dfl dfl)
[    0.000000] ACPI: INT_SRC_OVR (bus 0 bus_irq 9 global_irq 9 low level)
[    0.000000] ACPI: Using ACPI (MADT) for SMP configuration information
[    0.000000] ACPI: HPET id: 0x43538210 base: 0xfed00000
[    0.000000] e820: update [mem 0xd64d0000-0xd654bfff] usable ==> reserved
[    0.000000] CPU topo: Max. logical packages:   1
[    0.000000] CPU topo: Max. logical dies:       1
[    0.000000] CPU topo: Max. dies per package:   1
[    0.000000] CPU topo: Max. threads per core:   1
[    0.000000] CPU topo: Num. cores per package:     2
[    0.000000] CPU topo: Num. threads per package:   2
[    0.000000] CPU topo: Allowing 2 present CPUs plus 0 hotplug CPUs
[    0.000000] PM: hibernation: Registered nosave memory: [mem 0x00000000-0x00000fff]
[    0.000000] PM: hibernation: Registered nosave memory: [mem 0x00087000-0x00087fff]
[    0.000000] PM: hibernation: Registered nosave memory: [mem 0x0008c000-0x000fffff]
[    0.000000] PM: hibernation: Registered nosave memory: [mem 0xd64d0000-0xd654bfff]
[    0.000000] PM: hibernation: Registered nosave memory: [mem 0xd9c49000-0xde155fff]
[    0.000000] PM: hibernation: Registered nosave memory: [mem 0xde158000-0xde55afff]
[    0.000000] PM: hibernation: Registered nosave memory: [mem 0xdf800000-0xffffffff]
[    0.000000] [mem 0xe0000000-0xfed7ffff] available for PCI devices
[    0.000000] Booting paravirtualized kernel on bare hardware
[    0.000000] clocksource: refined-jiffies: mask: 0xffffffff max_cycles: 0xffffffff, max_idle_ns: 7645519600211568 ns
[    0.000000] setup_percpu: NR_CPUS:384 nr_cpumask_bits:2 nr_cpu_ids:2 nr_node_ids:1
[    0.000000] percpu: Embedded 97 pages/cpu s274432 r8192 d114688 u1048576
[    0.000000] pcpu-alloc: s274432 r8192 d114688 u1048576 alloc=1*2097152
[    0.000000] pcpu-alloc: [0] 0 1 
[    0.000000] Kernel command line: initrd=\EFI\nixos\hhbcp564acxhag2jm6n1hlp4bgcbvlw3-initrd-linux-xanmod-6.18.25-initrd.efi init=/nix/store/l82wb2m3fyq5hgny11jjlai01l2xf8df-nixos-system-otus-25.11.20260501.26ef669/init quiet splash pci=noaer udev.log_level=3 rd.udev.log_level=3 mitigations=off amd_iommu=on ivrs_ioapic[4]=00:14.0 ivrs_ioapic[5]=00:00.2 root=fstab loglevel=4 lsm=landlock,yama,bpf
[    0.000000] AMD-Vi: Unknown option - 'on'
[    0.000000] AMD-Vi: ivrs_ioapic[4]=00:14.0 option format deprecated; use ivrs_ioapic=4@0000:00:14.0 instead
[    0.000000] AMD-Vi: ivrs_ioapic[5]=00:00.2 option format deprecated; use ivrs_ioapic=5@0000:00:00.2 instead
[    0.000000] Unknown kernel command line parameters "splash", will be passed to user space.
[    0.000000] printk: log buffer data + meta data: 262144 + 917504 = 1179648 bytes
[    0.000000] Dentry cache hash table entries: 524288 (order: 10, 4194304 bytes, linear)
[    0.000000] Inode-cache hash table entries: 262144 (order: 9, 2097152 bytes, linear)
[    0.000000] AMD-Vi: Disable IOMMU on Stoney Ridge
[    0.000000] software IO TLB: area num 2.
[    0.000000] Fallback order for Node 0: 0 
[    0.000000] Built 1 zonelists, mobility grouping on.  Total pages: 1003130
[    0.000000] Policy zone: Normal
[    0.000000] mem auto-init: stack:all(zero), heap alloc:on, heap free:off
[    0.000000] SLUB: HWalign=64, Order=0-3, MinObjects=0, CPUs=2, Nodes=1
[    0.000000] allocated 8388608 bytes of page_ext
[    0.000000] ftrace: allocating 47746 entries in 188 pages
[    0.000000] ftrace: allocated 188 pages with 5 groups
[    0.000000] Dynamic Preempt: lazy
[    0.000000] rcu: Preemptible hierarchical RCU implementation.
[    0.000000] rcu: 	RCU event tracing is enabled.
[    0.000000] rcu: 	RCU restricting CPUs from NR_CPUS=384 to nr_cpu_ids=2.
[    0.000000] rcu: 	RCU priority boosting: priority 1 delay 0 ms.
[    0.000000] 	Trampoline variant of Tasks RCU enabled.
[    0.000000] 	Rude variant of Tasks RCU enabled.
[    0.000000] 	Tracing variant of Tasks RCU enabled.
[    0.000000] rcu: RCU calculated value of scheduler-enlistment delay is 25 jiffies.
[    0.000000] rcu: Adjusting geometry for rcu_fanout_leaf=16, nr_cpu_ids=2
[    0.000000] RCU Tasks: Setting shift to 1 and lim to 1 rcu_task_cb_adjust=1 rcu_task_cpu_ids=2.
[    0.000000] RCU Tasks Rude: Setting shift to 1 and lim to 1 rcu_task_cb_adjust=1 rcu_task_cpu_ids=2.
[    0.000000] RCU Tasks Trace: Setting shift to 1 and lim to 1 rcu_task_cb_adjust=1 rcu_task_cpu_ids=2.
[    0.000000] NR_IRQS: 24832, nr_irqs: 512, preallocated irqs: 16
[    0.000000] rcu: srcu_init: Setting srcu_struct sizes based on contention.
[    0.000000] kfence: initialized - using 2097152 bytes for 255 objects at 0x(____ptrval____)-0x(____ptrval____)
[    0.000000] Console: colour dummy device 80x25
[    0.000000] printk: legacy console [tty0] enabled
[    0.000000] ACPI: Core revision 20250807
[    0.000000] clocksource: hpet: mask: 0xffffffff max_cycles: 0xffffffff, max_idle_ns: 133484873504 ns
[    0.000000] APIC: Switch to symmetric I/O mode setup
[    0.000000] ..TIMER: vector=0x30 apic1=0 pin1=2 apic2=-1 pin2=-1
[    0.024000] tsc: PIT calibration matches HPET. 1 loops
[    0.024000] tsc: Detected 1596.964 MHz processor
[    0.000006] clocksource: tsc-early: mask: 0xffffffffffffffff max_cycles: 0x1704f0e5f17, max_idle_ns: 440795240350 ns
[    0.000013] Calibrating delay loop (skipped), value calculated using timer frequency.. 3193.92 BogoMIPS (lpj=6387856)
[    0.000030] [Firmware Bug]: CPU   0: APIC ID mismatch. CPUID: 0x0000 APIC: 0x0010
[    0.000042] BIOS may not properly restore RDRAND after suspend, hiding RDRAND via CPUID. Use rdrand=force to reenable.
[    0.000079] LVT offset 1 assigned for vector 0xf9
[    0.000094] Last level iTLB entries: 4KB 512, 2MB 1024, 4MB 512
[    0.000097] Last level dTLB entries: 4KB 1024, 2MB 1024, 4MB 512, 1GB 0
[    0.000105] mitigations: Enabled attack vectors: SMT mitigations: off
[    0.000110] Speculative Store Bypass: Vulnerable
[    0.000112] Spectre V2 : Vulnerable
[    0.000114] RETBleed: Vulnerable
[    0.000115] Spectre V1 : Vulnerable: __user pointer sanitization and usercopy barriers only; no swapgs barriers
[    0.000125] x86/fpu: Supporting XSAVE feature 0x001: 'x87 floating point registers'
[    0.000127] x86/fpu: Supporting XSAVE feature 0x002: 'SSE registers'
[    0.000129] x86/fpu: Supporting XSAVE feature 0x004: 'AVX registers'
[    0.000132] x86/fpu: xstate_offset[2]:  576, xstate_sizes[2]:  256
[    0.000134] x86/fpu: Enabled xstate features 0x7, context size is 832 bytes, using 'standard' format.
[    0.044638] Freeing SMP alternatives memory: 44K
[    0.044652] pid_max: default: 32768 minimum: 301
[    0.044759] LSM: initializing lsm=capability,landlock,yama,bpf
[    0.044882] landlock: Up and running.
[    0.044883] Yama: becoming mindful.
[    0.045198] LSM support for eBPF active
[    0.045255] Mount-cache hash table entries: 8192 (order: 4, 65536 bytes, linear)
[    0.045273] Mountpoint-cache hash table entries: 8192 (order: 4, 65536 bytes, linear)
[    0.153998] smpboot: CPU0: AMD A6-9220e RADEON R4, 5 COMPUTE CORES 2C+3G (family: 0x15, model: 0x70, stepping: 0x0)
[    0.154433] Performance Events: Fam15h core perfctr, AMD PMU driver.
[    0.154443] ... version:                   0
[    0.154445] ... bit width:                 48
[    0.154447] ... generic counters:          6
[    0.154448] ... generic bitmap:            000000000000003f
[    0.154450] ... fixed-purpose counters:    0
[    0.154451] ... fixed-purpose bitmap:      0000000000000000
[    0.154453] ... value mask:                0000ffffffffffff
[    0.154454] ... max period:                00007fffffffffff
[    0.154456] ... global_ctrl mask:          000000000000003f
[    0.154608] signal: max sigframe size: 1776
[    0.154691] rcu: Hierarchical SRCU implementation.
[    0.154693] rcu: 	Max phase no-delay instances is 1000.
[    0.154850] Timer migration: 1 hierarchy levels; 8 children per group; 1 crossnode level
[    0.155331] NMI watchdog: Enabled. Permanently consumes one hw-PMU counter.
[    0.155411] smp: Bringing up secondary CPUs ...
[    0.155626] smpboot: x86: Booting SMP configuration:
[    0.155629] .... node  #0, CPUs:      #1
[    0.000000] [Firmware Bug]: CPU   1: APIC ID mismatch. CPUID: 0x0001 APIC: 0x0011
[    0.155786] TSC synchronization [CPU#0 -> CPU#1]:
[    0.155786] Measured 112441361 cycles TSC warp between CPUs, turning off TSC clock.
[    0.155786] tsc: Marking TSC unstable due to check_tsc_sync_source failed
[    0.000000] No irq handler for 1.55
[    0.156034] smp: Brought up 1 node, 2 CPUs
[    0.156038] smpboot: Total of 2 processors activated (6387.85 BogoMIPS)
[    0.156494] Memory: 3750764K/4012520K available (16726K kernel code, 2676K rwdata, 13264K rodata, 3584K init, 2964K bss, 247520K reserved, 0K cma-reserved)
[    0.156504] le9 Unofficial (le9uo) working set protection 1.15 by Masahito Suzuki (forked from hakavlad's original le9 patch)
[    0.156920] devtmpfs: initialized
[    0.156920] x86/mm: Memory block size: 128MB
[    0.157248] ACPI: PM: Registering ACPI NVS region [mem 0x00087000-0x00087fff] (4096 bytes)
[    0.157248] ACPI: PM: Registering ACPI NVS region [mem 0xddfb6000-0xde0d5fff] (1179648 bytes)
[    0.157248] clocksource: jiffies: mask: 0xffffffff max_cycles: 0xffffffff, max_idle_ns: 7645041785100000 ns
[    0.157248] posixtimers hash table entries: 1024 (order: 2, 16384 bytes, linear)
[    0.157248] futex hash table entries: 512 (32768 bytes on 1 NUMA nodes, total 32 KiB, linear).
[    0.157248] pinctrl core: initialized pinctrl subsystem
[    0.157248] PM: RTC time: 19:14:19, date: 2026-05-11
[    0.160596] NET: Registered PF_NETLINK/PF_ROUTE protocol family
[    0.161039] DMA: preallocated 512 KiB GFP_KERNEL pool for atomic allocations
[    0.161176] DMA: preallocated 512 KiB GFP_KERNEL|GFP_DMA pool for atomic allocations
[    0.161319] DMA: preallocated 512 KiB GFP_KERNEL|GFP_DMA32 pool for atomic allocations
[    0.161349] audit: initializing netlink subsys (disabled)
[    0.161458] audit: type=2000 audit(1778526858.184:1): state=initialized audit_enabled=0 res=1
[    0.161458] thermal_sys: Registered thermal governor 'bang_bang'
[    0.161458] thermal_sys: Registered thermal governor 'step_wise'
[    0.161458] cpuidle: using governor ladder
[    0.161458] cpuidle: using governor menu
[    0.164904] efi: Freeing EFI boot services memory: 33032K
[    0.164912] ACPI FADT declares the system doesn't support PCIe ASPM, so disable it
[    0.164914] acpiphp: ACPI Hot Plug PCI Controller Driver version: 0.5
[    0.165124] PCI: ECAM [mem 0xf8000000-0xfbffffff] (base 0xf8000000) for domain 0000 [bus 00-3f]
[    0.165149] PCI: Using configuration type 1 for base access
[    0.165416] kprobes: kprobe jump-optimization is enabled. All kprobes are optimized if possible.
[    0.184075] HugeTLB: registered 1.00 GiB page size, pre-allocated 0 pages
[    0.184082] HugeTLB: 16380 KiB vmemmap can be freed for a 1.00 GiB page
[    0.184085] HugeTLB: registered 2.00 MiB page size, pre-allocated 0 pages
[    0.184087] HugeTLB: 28 KiB vmemmap can be freed for a 2.00 MiB page
[    0.201596] fbcon: Taking over console
[    0.201596] ACPI: Added _OSI(Module Device)
[    0.201596] ACPI: Added _OSI(Processor Device)
[    0.201596] ACPI: Added _OSI(Processor Aggregator Device)
[    0.217545] ACPI: 8 ACPI AML tables successfully acquired and loaded
[    0.219247] ACPI: [Firmware Bug]: BIOS _OSI(Linux) query ignored
[    0.241442] ACPI: EC: EC started
[    0.241442] ACPI: EC: interrupt blocked
[    0.244390] ACPI: EC: EC_CMD/EC_SC=0x66, EC_DATA=0x62
[    0.244395] ACPI: \_SB_.PCI0.LPC0.EC0_: Boot DSDT EC used to handle transactions
[    0.244398] ACPI: Interpreter enabled
[    0.244426] ACPI: PM: (supports S0 S3 S4 S5)
[    0.244429] ACPI: Using IOAPIC for interrupt routing
[    0.244661] PCI: Using host bridge windows from ACPI; if necessary, use "pci=nocrs" and report a bug
[    0.244663] PCI: Using E820 reservations for host bridge windows
[    0.245014] ACPI: Enabled 5 GPEs in block 00 to 1F
[    0.248066] ACPI: \_SB_.P0U3: New power resource
[    0.248134] ACPI: \_SB_.P3U3: New power resource
[    0.249266] ACPI: \_SB_.P0U2: New power resource
[    0.249319] ACPI: \_SB_.P3U2: New power resource
[    0.249950] ACPI: \_SB_.P0ST: New power resource
[    0.250002] ACPI: \_SB_.P3ST: New power resource
[    0.251349] ACPI: \_SB_.P0SD: New power resource
[    0.251403] ACPI: \_SB_.P3SD: New power resource
[    0.258564] ACPI: PCI Root Bridge [PCI0] (domain 0000 [bus 00-ff])
[    0.258579] acpi PNP0A08:00: _OSC: OS supports [ExtendedConfig ASPM ClockPM Segments MSI HPX-Type3]
[    0.258715] acpi PNP0A08:00: _OSC: platform does not support [LTR]
[    0.258951] acpi PNP0A08:00: _OSC: OS now controls [PCIeHotplug PME PCIeCapability]
[    0.258954] acpi PNP0A08:00: FADT indicates ASPM is unsupported, using BIOS configuration
[    0.258972] acpi PNP0A08:00: [Firmware Info]: ECAM [mem 0xf8000000-0xfbffffff] for domain 0000 [bus 00-3f] only partially covers this bridge
[    0.259753] acpi PNP0A08:00: ignoring host bridge window [mem 0x000ce000-0x000cffff window] (conflicts with Video ROM [mem 0x000c0000-0x000cfbff])
[    0.260102] PCI host bridge to bus 0000:00
[    0.260111] pci_bus 0000:00: root bus resource [mem 0x000a0000-0x000cdfff window]
[    0.260116] pci_bus 0000:00: root bus resource [mem 0x000d0000-0x000effff window]
[    0.260119] pci_bus 0000:00: root bus resource [mem 0xe0000000-0xf7ffffff window]
[    0.260122] pci_bus 0000:00: root bus resource [mem 0xfc000000-0xfdffffff window]
[    0.260125] pci_bus 0000:00: root bus resource [io  0x0000-0x0cf7 window]
[    0.260127] pci_bus 0000:00: root bus resource [io  0x0d00-0xffff window]
[    0.260130] pci_bus 0000:00: root bus resource [bus 00-ff]
[    0.260300] pci 0000:00:00.0: [1022:1576] type 00 class 0x060000 conventional PCI endpoint
[    0.260410] pci 0000:00:00.2: [1022:1577] type 00 class 0x080600 conventional PCI endpoint
[    0.260511] pci 0000:00:01.0: [1002:98e4] type 00 class 0x030000 PCIe Root Complex Integrated Endpoint
[    0.260537] pci 0000:00:01.0: BAR 0 [mem 0xe0000000-0xe7ffffff 64bit pref]
[    0.260542] pci 0000:00:01.0: BAR 2 [mem 0xe8000000-0xe87fffff 64bit pref]
[    0.260545] pci 0000:00:01.0: BAR 4 [io  0x2000-0x20ff]
[    0.260548] pci 0000:00:01.0: BAR 5 [mem 0xe8c00000-0xe8c3ffff]
[    0.260552] pci 0000:00:01.0: ROM [mem 0xfffe0000-0xffffffff pref]
[    0.260558] pci 0000:00:01.0: enabling Extended Tags
[    0.260576] pci 0000:00:01.0: Video device with shadowed ROM at [mem 0x000c0000-0x000dffff]
[    0.260609] pci 0000:00:01.0: supports D1 D2
[    0.260612] pci 0000:00:01.0: PME# supported from D1 D2 D3hot
[    0.260744] pci 0000:00:01.1: [1002:15b3] type 00 class 0x040300 PCIe Root Complex Integrated Endpoint
[    0.260769] pci 0000:00:01.1: BAR 0 [mem 0xe8c60000-0xe8c63fff 64bit]
[    0.260778] pci 0000:00:01.1: enabling Extended Tags
[    0.260811] pci 0000:00:01.1: supports D1 D2
[    0.260880] pci 0000:00:02.0: [1022:157b] type 00 class 0x060000 conventional PCI endpoint
[    0.260968] pci 0000:00:02.4: [1022:157c] type 01 class 0x060400 PCIe Root Port
[    0.260989] pci 0000:00:02.4: PCI bridge to [bus 01]
[    0.260997] pci 0000:00:02.4:   bridge window [mem 0xe8b00000-0xe8bfffff]
[    0.261014] pci 0000:00:02.4: enabling Extended Tags
[    0.261062] pci 0000:00:02.4: PME# supported from D0 D3hot D3cold
[    0.261209] pci 0000:00:02.5: [1022:157c] type 01 class 0x060400 PCIe Root Port
[    0.261230] pci 0000:00:02.5: PCI bridge to [bus 02]
[    0.261236] pci 0000:00:02.5:   bridge window [io  0x1000-0x1fff]
[    0.261240] pci 0000:00:02.5:   bridge window [mem 0xe8a00000-0xe8afffff]
[    0.261257] pci 0000:00:02.5: enabling Extended Tags
[    0.261303] pci 0000:00:02.5: PME# supported from D0 D3hot D3cold
[    0.261440] pci 0000:00:03.0: [1022:157b] type 00 class 0x060000 conventional PCI endpoint
[    0.261535] pci 0000:00:08.0: [1022:1578] type 00 class 0x108000 conventional PCI endpoint
[    0.261555] pci 0000:00:08.0: BAR 0 [mem 0xe8c40000-0xe8c5ffff 64bit pref]
[    0.261559] pci 0000:00:08.0: BAR 2 [mem 0xe8900000-0xe89fffff]
[    0.261562] pci 0000:00:08.0: BAR 3 [mem 0xe8c6f000-0xe8c6ffff]
[    0.261565] pci 0000:00:08.0: BAR 5 [mem 0xe8c6a000-0xe8c6bfff]
[    0.261642] pci 0000:00:09.0: [1022:157d] type 00 class 0x060000 conventional PCI endpoint
[    0.261716] pci 0000:00:09.2: [1022:157a] type 00 class 0x040300 conventional PCI endpoint
[    0.261736] pci 0000:00:09.2: BAR 0 [mem 0xe8c64000-0xe8c67fff]
[    0.261760] pci 0000:00:09.2: PME# supported from D0 D3hot D3cold
[    0.261845] pci 0000:00:10.0: [1022:7914] type 00 class 0x0c0330 PCIe Root Complex Integrated Endpoint
[    0.261894] pci 0000:00:10.0: BAR 0 [mem 0xe8c68000-0xe8c69fff 64bit]
[    0.261970] pci 0000:00:10.0: PME# supported from D0 D3hot D3cold
[    0.262114] pci 0000:00:11.0: [1022:7901] type 00 class 0x010601 conventional PCI endpoint
[    0.262155] pci 0000:00:11.0: BAR 0 [io  0x2118-0x211f]
[    0.262158] pci 0000:00:11.0: BAR 1 [io  0x2124-0x2127]
[    0.262161] pci 0000:00:11.0: BAR 2 [io  0x2110-0x2117]
[    0.262164] pci 0000:00:11.0: BAR 3 [io  0x2120-0x2123]
[    0.262167] pci 0000:00:11.0: BAR 4 [io  0x2100-0x210f]
[    0.262170] pci 0000:00:11.0: BAR 5 [mem 0xe8c6c000-0xe8c6c3ff]
[    0.262211] pci 0000:00:11.0: PME# supported from D3hot
[    0.262337] pci 0000:00:12.0: [1022:7908] type 00 class 0x0c0320 conventional PCI endpoint
[    0.262377] pci 0000:00:12.0: BAR 0 [mem 0xe8c6d000-0xe8c6d0ff]
[    0.262417] pci 0000:00:12.0: supports D1 D2
[    0.262420] pci 0000:00:12.0: PME# supported from D0 D1 D2 D3hot D3cold
[    0.262531] pci 0000:00:14.0: [1022:790b] type 00 class 0x0c0500 conventional PCI endpoint
[    0.262678] pci 0000:00:14.3: [1022:790e] type 00 class 0x060100 conventional PCI endpoint
[    0.262884] pci 0000:00:18.0: [1022:15b0] type 00 class 0x060000 conventional PCI endpoint
[    0.262950] pci 0000:00:18.1: [1022:15b1] type 00 class 0x060000 conventional PCI endpoint
[    0.263014] pci 0000:00:18.2: [1022:15b2] type 00 class 0x060000 conventional PCI endpoint
[    0.263090] pci 0000:00:18.3: [1022:15b3] type 00 class 0x060000 conventional PCI endpoint
[    0.263156] pci 0000:00:18.4: [1022:15b4] type 00 class 0x060000 conventional PCI endpoint
[    0.263217] pci 0000:00:18.5: [1022:15b5] type 00 class 0x060000 conventional PCI endpoint
[    0.263367] pci 0000:01:00.0: [1217:8620] type 00 class 0x080501 PCIe Endpoint
[    0.263418] pci 0000:01:00.0: BAR 0 [mem 0xe8b01000-0xe8b01fff]
[    0.263422] pci 0000:01:00.0: BAR 1 [mem 0xe8b00000-0xe8b007ff]
[    0.263518] pci 0000:01:00.0: PME# supported from D3hot D3cold
[    0.268157] pci 0000:00:02.4: PCI bridge to [bus 01]
[    0.268322] pci 0000:02:00.0: [10ec:c82f] type 00 class 0x028000 PCIe Endpoint
[    0.268395] pci 0000:02:00.0: BAR 0 [io  0x1000-0x10ff]
[    0.268407] pci 0000:02:00.0: BAR 2 [mem 0xe8a00000-0xe8a0ffff 64bit]
[    0.268559] pci 0000:02:00.0: supports D1 D2
[    0.268562] pci 0000:02:00.0: PME# supported from D0 D1 D2 D3hot D3cold
[    0.268775] pci 0000:00:02.5: PCI bridge to [bus 02]
[    0.269802] ACPI: PCI: Interrupt link LNKA configured for IRQ 0
[    0.269920] ACPI: PCI: Interrupt link LNKB configured for IRQ 0
[    0.270003] ACPI: PCI: Interrupt link LNKC configured for IRQ 0
[    0.270103] ACPI: PCI: Interrupt link LNKD configured for IRQ 0
[    0.270197] ACPI: PCI: Interrupt link LNKE configured for IRQ 0
[    0.270270] ACPI: PCI: Interrupt link LNKF configured for IRQ 0
[    0.270343] ACPI: PCI: Interrupt link LNKG configured for IRQ 0
[    0.270415] ACPI: PCI: Interrupt link LNKH configured for IRQ 0
[    0.272442] ACPI: EC: interrupt unblocked
[    0.272448] ACPI: EC: event unblocked
[    0.272451] ACPI: EC: EC_CMD/EC_SC=0x66, EC_DATA=0x62
[    0.272454] ACPI: EC: GPE=0x3
[    0.272457] ACPI: \_SB_.PCI0.LPC0.EC0_: Boot DSDT EC initialization complete
[    0.272461] ACPI: \_SB_.PCI0.LPC0.EC0_: EC: Used to handle transactions and events
[    0.272615] iommu: Default domain type: Translated
[    0.272617] iommu: DMA domain TLB invalidation policy: lazy mode
[    0.272665] ACPI: bus type USB registered
[    0.272665] usbcore: registered new interface driver usbfs
[    0.272665] usbcore: registered new interface driver hub
[    0.272665] usbcore: registered new device driver usb
[    0.276182] efivars: Registered efivars operations
[    0.276494] NetLabel: Initializing
[    0.276500] NetLabel:  domain hash size = 128
[    0.276502] NetLabel:  protocols = UNLABELED CIPSOv4 CALIPSO
[    0.276531] NetLabel:  unlabeled traffic allowed by default
[    0.276538] PCI: Using ACPI for IRQ routing
[    0.278252] PCI: pci_cache_line_size set to 64 bytes
[    0.278328] e820: reserve RAM buffer [mem 0x00087000-0x0008ffff]
[    0.278332] e820: reserve RAM buffer [mem 0x0008c000-0x0008ffff]
[    0.278335] e820: reserve RAM buffer [mem 0xd64d0000-0xd7ffffff]
[    0.278337] e820: reserve RAM buffer [mem 0xd9c49000-0xdbffffff]
[    0.278339] e820: reserve RAM buffer [mem 0xde158000-0xdfffffff]
[    0.278340] e820: reserve RAM buffer [mem 0xdf800000-0xdfffffff]
[    0.278342] e820: reserve RAM buffer [mem 0x11a000000-0x11bffffff]
[    0.278424] pci 0000:00:01.0: vgaarb: setting as boot VGA device
[    0.278424] pci 0000:00:01.0: vgaarb: bridge control possible
[    0.278424] pci 0000:00:01.0: vgaarb: VGA device added: decodes=io+mem,owns=io+mem,locks=none
[    0.278424] vgaarb: loaded
[    0.278424] hpet0: at MMIO 0xfed00000, IRQs 2, 8, 0
[    0.278424] hpet0: 3 comparators, 32-bit 14.318180 MHz counter
[    0.282109] clocksource: Switched to clocksource hpet
[    0.283321] VFS: Disk quotas dquot_6.6.0
[    0.283344] VFS: Dquot-cache hash table entries: 512 (order 0, 4096 bytes)
[    0.283373] pnp: PnP ACPI init
[    0.283373] system 00:00: [io  0x0f50-0x0f51] has been reserved
[    0.283373] system 00:00: [mem 0xfec00000-0xfec01fff] could not be reserved
[    0.283373] system 00:00: [mem 0xfee00000-0xfee00fff] has been reserved
[    0.283373] system 00:00: [mem 0xf8000000-0xfbffffff] has been reserved
[    0.283373] system 00:02: [io  0x04d0-0x04d1] has been reserved
[    0.283373] system 00:02: [io  0x0530-0x0537] has been reserved
[    0.283373] system 00:02: [io  0x0800-0x0827] has been reserved
[    0.283373] system 00:02: [io  0x0830] has been reserved
[    0.283373] system 00:02: [io  0x0840-0x0847] has been reserved
[    0.283373] system 00:02: [io  0x0b00-0x0b1f] has been reserved
[    0.283373] system 00:02: [io  0x0b20-0x0b3f] has been reserved
[    0.283373] system 00:02: [io  0x0c00-0x0c01] has been reserved
[    0.283373] system 00:02: [io  0x0c14] has been reserved
[    0.283373] system 00:02: [io  0x0c50-0x0c52] has been reserved
[    0.283373] system 00:02: [io  0x0cd0-0x0cd1] has been reserved
[    0.283373] system 00:02: [io  0x0cd2-0x0cd3] has been reserved
[    0.283373] system 00:02: [io  0x0cd4-0x0cd5] has been reserved
[    0.283373] system 00:02: [io  0x0cd6-0x0cd7] has been reserved
[    0.283373] system 00:02: [io  0x0cd8-0x0cdf] has been reserved
[    0.283373] system 00:02: [io  0x0cf9] could not be reserved
[    0.283373] system 00:02: [io  0x8100-0x81ff window] has been reserved
[    0.283373] system 00:02: [io  0x8200-0x82ff window] has been reserved
[    0.283373] system 00:03: [mem 0x000e0000-0x000fffff] could not be reserved
[    0.283373] system 00:03: [mem 0xff800000-0xffffffff] has been reserved
[    0.283373] system 00:03: [mem 0xfec10000-0xfec1001f] has been reserved
[    0.283373] system 00:03: [mem 0xfed00000-0xfed003ff] has been reserved
[    0.283373] system 00:03: [mem 0xfed61000-0xfed613ff] has been reserved
[    0.283373] system 00:03: [mem 0xfed80000-0xfed80fff] has been reserved
[    0.283373] pnp: PnP ACPI: found 5 devices
[    0.290187] clocksource: acpi_pm: mask: 0xffffff max_cycles: 0xffffff, max_idle_ns: 2085701024 ns
[    0.290309] NET: Registered PF_INET protocol family
[    0.290482] IP idents hash table entries: 65536 (order: 7, 524288 bytes, linear)
[    0.309723] tcp_listen_portaddr_hash hash table entries: 2048 (order: 3, 32768 bytes, linear)
[    0.309772] Table-perturb hash table entries: 65536 (order: 6, 262144 bytes, linear)
[    0.309820] TCP established hash table entries: 32768 (order: 6, 262144 bytes, linear)
[    0.310134] TCP bind hash table entries: 32768 (order: 8, 1048576 bytes, linear)
[    0.310297] TCP: Hash tables configured (established 32768 bind 32768)
[    0.310452] MPTCP token hash table entries: 4096 (order: 5, 98304 bytes, linear)
[    0.310522] UDP hash table entries: 2048 (order: 5, 131072 bytes, linear)
[    0.310577] UDP-Lite hash table entries: 2048 (order: 5, 131072 bytes, linear)
[    0.310685] NET: Registered PF_UNIX/PF_LOCAL protocol family
[    0.310700] NET: Registered PF_XDP protocol family
[    0.310730] pci 0000:00:02.4: PCI bridge to [bus 01]
[    0.310740] pci 0000:00:02.4:   bridge window [mem 0xe8b00000-0xe8bfffff]
[    0.310749] pci 0000:00:02.5: PCI bridge to [bus 02]
[    0.310753] pci 0000:00:02.5:   bridge window [io  0x1000-0x1fff]
[    0.310757] pci 0000:00:02.5:   bridge window [mem 0xe8a00000-0xe8afffff]
[    0.310769] pci_bus 0000:00: resource 4 [mem 0x000a0000-0x000cdfff window]
[    0.310772] pci_bus 0000:00: resource 5 [mem 0x000d0000-0x000effff window]
[    0.310775] pci_bus 0000:00: resource 6 [mem 0xe0000000-0xf7ffffff window]
[    0.310777] pci_bus 0000:00: resource 7 [mem 0xfc000000-0xfdffffff window]
[    0.310779] pci_bus 0000:00: resource 8 [io  0x0000-0x0cf7 window]
[    0.310782] pci_bus 0000:00: resource 9 [io  0x0d00-0xffff window]
[    0.310784] pci_bus 0000:01: resource 1 [mem 0xe8b00000-0xe8bfffff]
[    0.310787] pci_bus 0000:02: resource 0 [io  0x1000-0x1fff]
[    0.310789] pci_bus 0000:02: resource 1 [mem 0xe8a00000-0xe8afffff]
[    0.310941] pci 0000:00:01.0: disabling ATS
[    0.311006] pci 0000:00:01.1: D0 power state depends on 0000:00:01.0
[    0.311579] pci 0000:00:10.0: PME# does not work under D0, disabling it
[    0.312128] PCI: CLS 32 bytes, default 64
[    0.312161] PCI-DMA: Using software bounce buffering for IO (SWIOTLB)
[    0.312163] software IO TLB: mapped [mem 0x00000000cca17000-0x00000000d0a17000] (64MB)
[    0.312265] Trying to unpack rootfs image as initramfs...
[    0.312268] LVT offset 0 assigned for vector 0x400
[    0.316090] perf: AMD IBS detected (0x000007ff)
[    0.360547] Initialise system trusted keyrings
[    0.364117] workingset: timestamp_bits=40 max_order=20 bucket_order=0
[    0.387988] Key type asymmetric registered
[    0.387998] Asymmetric key parser 'x509' registered
[    0.388115] Block layer SCSI generic (bsg) driver version 0.4 loaded (major 250)
[    0.388253] io scheduler mq-deadline registered
[    0.388257] io scheduler kyber registered
[    0.394909] pcieport 0000:00:02.4: PME: Signaling with IRQ 25
[    0.395340] pcieport 0000:00:02.5: PME: Signaling with IRQ 26
[    0.396157] Could not retrieve perf counters (-19)
[    0.396444] Serial: 8250/16550 driver, 4 ports, IRQ sharing enabled
[    0.397416] Linux agpgart interface v0.103
[    0.400316] ACPI: bus type drm_connector registered
[    0.400833] usbcore: registered new interface driver usbserial_generic
[    0.400847] usbserial: USB Serial support registered for generic
[    0.400851] amd_pstate: the _CPC object is not present in SBIOS or ACPI disabled
[    0.401261] simple-framebuffer simple-framebuffer.0: [drm] Registered 1 planes with drm panic
[    0.401267] [drm] Initialized simpledrm 1.0.0 for simple-framebuffer.0 on minor 0
[    0.405472] Console: switching to colour frame buffer device 170x48
[    0.409853] simple-framebuffer simple-framebuffer.0: [drm] fb0: simpledrmdrmfb frame buffer device
[    0.411419] drop_monitor: Initializing network drop monitor service
[    0.411625] NET: Registered PF_INET6 protocol family
[    0.414848] Segment Routing with IPv6
[    0.414869] In-situ OAM (IOAM) with IPv6
[    0.415053] x86/pm: family 0x15 cpu detected, MSR saving is needed during suspending.
[    0.416269] microcode: Current revision: 0x06006705
[    0.420096] IPI shorthand broadcast: enabled
[    0.424540] registered taskstats version 1
[    0.424765] Loading compiled-in X.509 certificates
[    0.434194] Demotion targets for Node 0: null
[    0.434304] Key type .fscrypt registered
[    0.434307] Key type fscrypt-provisioning registered
[    0.434528] PM:   Magic number: 10:5:243
[    0.438002] RAS: Correctable Errors collector initialized.
[    0.455119] Unstable clock detected, switching default tracing clock to "global"
               If you want to keep using the local clock, then add:
                 "trace_clock=local"
               on the kernel command line
[    0.455233] clk: Disabling unused clocks
[    0.455238] PM: genpd: Disabling unused power domains
[    0.690186] Freeing initrd memory: 25036K
[    0.693249] Freeing unused decrypted memory: 2028K
[    0.694604] Freeing unused kernel image (initmem) memory: 3584K
[    0.694663] Write protecting the kernel read-only data: 32768k
[    0.695735] Freeing unused kernel image (text/rodata gap) memory: 1704K
[    0.696317] Freeing unused kernel image (rodata/data gap) memory: 1072K
[    0.716825] x86/mm: Checked W+X mappings: passed, no W+X pages found.
[    0.716838] Run /init as init process
[    0.716841]   with arguments:
[    0.716843]     /init
[    0.716845]     splash
[    0.716847]   with environment:
[    0.716848]     HOME=/
[    0.716850]     TERM=linux
[    0.730177] systemd[1]: Inserted module 'autofs4'
[    0.788726] systemd[1]: Successfully made /usr/ read-only.
[    0.791287] systemd[1]: systemd 258.5 running in system mode (+PAM +AUDIT -SELINUX +APPARMOR +IMA +IPE +SMACK +SECCOMP +GCRYPT -GNUTLS +OPENSSL +ACL +BLKID +CURL +ELFUTILS +FIDO2 +IDN2 -IDN -IPTC +KMOD +LIBCRYPTSETUP +LIBCRYPTSETUP_PLUGINS +LIBFDISK +PCRE2 +PWQUALITY +P11KIT +QRENCODE +TPM2 +BZIP2 +LZ4 +XZ +ZLIB +ZSTD +BPF_FRAMEWORK -BTF -XKBCOMMON +UTMP -SYSVINIT +LIBARCHIVE)
[    0.791304] systemd[1]: Detected architecture x86-64.
[    0.791309] systemd[1]: Running in initrd.
[    0.791686] systemd[1]: Initializing machine ID from random generator.
[    0.791785] systemd[1]: Hostname set to <otus>.
[    0.887753] systemd[1]: Queued start job for default target Initrd Default Target.
[    0.905975] systemd[1]: Created slice Slice /system/modprobe.
[    0.906162] systemd[1]: Started Dispatch Password Requests to Console Directory Watch.
[    0.906200] systemd[1]: Expecting device /dev/disk/by-uuid/ddb97cbc-b090-446f-a4ab-fd2d43f1834a...
[    0.906220] systemd[1]: Expecting device /dev/tpm0...
[    0.906238] systemd[1]: Expecting device /dev/tpmrm0...
[    0.906277] systemd[1]: Reached target Path Units.
[    0.906308] systemd[1]: Reached target Slice Units.
[    0.906339] systemd[1]: Reached target Swaps.
[    0.906372] systemd[1]: Reached target Timer Units.
[    0.906558] systemd[1]: Listening on Journal Socket (/dev/log).
[    0.906679] systemd[1]: Listening on Journal Sockets.
[    0.906791] systemd[1]: Listening on udev Control Socket.
[    0.906881] systemd[1]: Listening on udev Kernel Socket.
[    0.906911] systemd[1]: Reached target Socket Units.
[    0.908253] systemd[1]: Starting Create List of Static Device Nodes...
[    0.909908] systemd[1]: Starting Load Kernel Module configfs...
[    0.917095] systemd[1]: Starting Journal Service...
[    0.923243] systemd[1]: Starting Load Kernel Modules...
[    0.932508] systemd[1]: Starting Coldplug All udev Devices...
[    0.936285] systemd[1]: Finished Create List of Static Device Nodes.
[    0.936945] systemd[1]: modprobe@configfs.service: Deactivated successfully.
[    0.937271] systemd[1]: Finished Load Kernel Module configfs.
[    0.937726] systemd[1]: Kernel Configuration File System skipped, unmet condition check ConditionPathExists=/sys/kernel/config
[    0.949062] systemd[1]: Starting Create Static Device Nodes in /dev gracefully...
[    0.973877] device-mapper: ioctl: 4.50.0-ioctl (2025-04-28) initialised: dm-devel@lists.linux.dev
[    0.975680] systemd[1]: Finished Create Static Device Nodes in /dev gracefully.
[    0.984239] systemd[1]: Starting Create Static Device Nodes in /dev...
[    0.985085] systemd[1]: Finished Load Kernel Modules.
[    0.988705] systemd[1]: Starting Apply Kernel Variables...
[    1.001929] systemd-journald[74]: Collecting audit messages is disabled.
[    1.044813] systemd[1]: Finished Create Static Device Nodes in /dev.
[    1.045561] systemd[1]: Finished Apply Kernel Variables.
[    1.045793] systemd[1]: Reached target Preparation for Local File Systems.
[    1.045838] systemd[1]: Reached target Local File Systems.
[    1.048203] systemd[1]: Starting Rule-based Manager for Device Events and Files...
[    1.093684] systemd[1]: Started Journal Service.
[    1.460836] xhci_hcd 0000:00:10.0: xHCI Host Controller
[    1.460857] xhci_hcd 0000:00:10.0: new USB bus registered, assigned bus number 1
[    1.461084] xhci_hcd 0000:00:10.0: hcc params 0x014040c3 hci version 0x100 quirks 0x0000000000000010
[    1.463573] ehci-pci 0000:00:12.0: EHCI Host Controller
[    1.463618] xhci_hcd 0000:00:10.0: xHCI Host Controller
[    1.466180] ehci-pci 0000:00:12.0: new USB bus registered, assigned bus number 2
[    1.466207] ehci-pci 0000:00:12.0: debug port 2
[    1.466273] xhci_hcd 0000:00:10.0: new USB bus registered, assigned bus number 3
[    1.466277] ehci-pci 0000:00:12.0: irq 18, io mem 0xe8c6d000
[    1.466282] xhci_hcd 0000:00:10.0: Host supports USB 3.0 SuperSpeed
[    1.468212] usb usb1: New USB device found, idVendor=1d6b, idProduct=0002, bcdDevice= 6.18
[    1.468225] usb usb1: New USB device strings: Mfr=3, Product=2, SerialNumber=1
[    1.468229] usb usb1: Product: xHCI Host Controller
[    1.468232] usb usb1: Manufacturer: Linux 6.18.25-xanmod1 xhci-hcd
[    1.468236] usb usb1: SerialNumber: 0000:00:10.0
[    1.468623] hub 1-0:1.0: USB hub found
[    1.468659] hub 1-0:1.0: 4 ports detected
[    1.474072] usb usb3: We don't know the algorithms for LPM for this host, disabling LPM.
[    1.474154] usb usb3: New USB device found, idVendor=1d6b, idProduct=0003, bcdDevice= 6.18
[    1.474160] usb usb3: New USB device strings: Mfr=3, Product=2, SerialNumber=1
[    1.474164] usb usb3: Product: xHCI Host Controller
[    1.474168] usb usb3: Manufacturer: Linux 6.18.25-xanmod1 xhci-hcd
[    1.474171] usb usb3: SerialNumber: 0000:00:10.0
[    1.474467] hub 3-0:1.0: USB hub found
[    1.474493] hub 3-0:1.0: 4 ports detected
[    1.479583] ehci-pci 0000:00:12.0: USB 2.0 started, EHCI 1.00
[    1.479714] usb usb2: New USB device found, idVendor=1d6b, idProduct=0002, bcdDevice= 6.18
[    1.479719] usb usb2: New USB device strings: Mfr=3, Product=2, SerialNumber=1
[    1.479722] usb usb2: Product: EHCI Host Controller
[    1.479725] usb usb2: Manufacturer: Linux 6.18.25-xanmod1 ehci_hcd
[    1.479727] usb usb2: SerialNumber: 0000:00:12.0
[    1.479974] hub 2-0:1.0: USB hub found
[    1.479990] hub 2-0:1.0: 2 ports detected
[    1.490939] sdhci: Secure Digital Host Controller Interface driver
[    1.490947] sdhci: Copyright(c) Pierre Ossman
[    1.498461] tpm_crb MSFT0101:00: Disabling hwrng
[    1.509530] sdhci-pci 0000:01:00.0: SDHCI controller found [1217:8620] (rev 1)
[    1.509958] mmc0: emmc 1.8v flag is set, force 1.8v signaling voltage
[    1.528337] mmc0: SDHCI controller on PCI [0000:01:00.0] using ADMA
[    1.585344] SCSI subsystem initialized
[    1.599552] i8042: PNP: PS/2 Controller [PNP0303:KBD0] at 0x60,0x64 irq 1
[    1.599562] i8042: PNP: PS/2 appears to have AUX port disabled, if this is incorrect please boot with i8042.nopnp
[    1.600384] serio: i8042 KBD port at 0x60,0x64 irq 1
[    1.642093] libata version 3.00 loaded.
[    1.729107] usb 2-1: new high-speed USB device number 2 using ehci-pci
[    1.796010] ahci 0000:00:11.0: AHCI vers 0001.0300, 32 command slots, 6 Gbps, SATA mode
[    1.796040] ahci 0000:00:11.0: 1/1 ports implemented (port mask 0x1)
[    1.796044] ahci 0000:00:11.0: flags: 64bit ncq sntf ilck pm led clo pmp fbs pio slum part deso sadm sds 
[    1.797335] scsi host0: ahci
[    1.797508] ata1: SATA max UDMA/133 abar m1024@0xe8c6c000 port 0xe8c6c100 irq 32 lpm-pol 3
[    1.835506] input: AT Translated Set 2 keyboard as /devices/platform/i8042/serio0/input/input0
[    1.873891] usb 2-1: New USB device found, idVendor=0438, idProduct=7900, bcdDevice= 0.18
[    1.873900] usb 2-1: New USB device strings: Mfr=0, Product=0, SerialNumber=0
[    1.874333] hub 2-1:1.0: USB hub found
[    1.874500] hub 2-1:1.0: 4 ports detected
[    2.106284] ata1: SATA link down (SStatus 0 SControl 300)
[    2.172043] usb 2-1.1: new high-speed USB device number 3 using ehci-pci
[    2.287591] usb 2-1.1: New USB device found, idVendor=04f2, idProduct=b5fa, bcdDevice=14.26
[    2.287602] usb 2-1.1: New USB device strings: Mfr=3, Product=1, SerialNumber=2
[    2.287606] usb 2-1.1: Product: EasyCamera
[    2.287610] usb 2-1.1: Manufacturer: Chicony Electronics Co.,Ltd.
[    2.287613] usb 2-1.1: SerialNumber: 0x0001
[    2.380037] usb 2-1.2: new full-speed USB device number 4 using ehci-pci
[    2.497167] usb 2-1.2: New USB device found, idVendor=0bda, idProduct=c02f, bcdDevice= 0.00
[    2.497175] usb 2-1.2: New USB device strings: Mfr=1, Product=2, SerialNumber=3
[    2.497179] usb 2-1.2: Product: Bluetooth Radio
[    2.497182] usb 2-1.2: Manufacturer: Realtek
[    2.497185] usb 2-1.2: SerialNumber: 00e04c000001
[    2.664863] mmc0: new HS200 MMC card at address 0001
[    2.672005] mmcblk0: mmc0:0001 DA4064 58.2 GiB
[    2.677700]  mmcblk0: p1 p2 p3
[    2.678165] mmcblk0boot0: mmc0:0001 DA4064 4.00 MiB
[    2.680135] mmcblk0boot1: mmc0:0001 DA4064 4.00 MiB
[    2.682504] mmcblk0rpmb: mmc0:0001 DA4064 16.0 MiB, chardev (246:0)
[    3.083805] EXT4-fs (mmcblk0p2): mounted filesystem ddb97cbc-b090-446f-a4ab-fd2d43f1834a r/w with ordered data mode. Quota mode: none.
[    4.665795] systemd-journald[74]: Received SIGTERM from PID 1 (systemd).
[    4.939570] systemd[1]: systemd 258.5 running in system mode (+PAM +AUDIT -SELINUX +APPARMOR +IMA +IPE +SMACK +SECCOMP +GCRYPT -GNUTLS +OPENSSL +ACL +BLKID +CURL +ELFUTILS +FIDO2 +IDN2 -IDN -IPTC +KMOD +LIBCRYPTSETUP +LIBCRYPTSETUP_PLUGINS +LIBFDISK +PCRE2 +PWQUALITY +P11KIT +QRENCODE +TPM2 +BZIP2 +LZ4 +XZ +ZLIB +ZSTD +BPF_FRAMEWORK -BTF -XKBCOMMON +UTMP -SYSVINIT +LIBARCHIVE)
[    4.939586] systemd[1]: Detected architecture x86-64.
[    5.123221] systemd[1]: bpf-restrict-fs: LSM BPF program attached
[    5.263641] zram: Added device: zram0
[    5.987149] systemd[1]: initrd-switch-root.service: Deactivated successfully.
[    5.987466] systemd[1]: Stopped initrd-switch-root.service.
[    5.989181] systemd[1]: systemd-journald.service: Scheduled restart job, restart counter is at 1.
[    5.990584] systemd[1]: Created slice Slice /system/systemd-fsck.
[    5.991643] systemd[1]: Created slice Slice /system/systemd-zram-setup.
[    5.992694] systemd[1]: Created slice User and Session Slice.
[    5.992856] systemd[1]: Started Dispatch Password Requests to Console Directory Watch.
[    5.992937] systemd[1]: Started Forward Password Requests to Wall Directory Watch.
[    5.992986] systemd[1]: Expecting device /dev/disk/by-uuid/2EA9-342E...
[    5.993000] systemd[1]: Expecting device /dev/disk/by-uuid/3ceb9565-c036-4344-b388-efd3ff7688e4...
[    5.993023] systemd[1]: Expecting device /dev/zram0...
[    5.993058] systemd[1]: Reached target Local Encrypted Volumes.
[    5.993099] systemd[1]: Reached target Login Prompts.
[    5.993124] systemd[1]: Stopped target initrd-fs.target.
[    5.993149] systemd[1]: Stopped target initrd-root-fs.target.
[    5.993179] systemd[1]: Stopped target initrd-switch-root.target.
[    5.993222] systemd[1]: Reached target Virtual Machines and Containers.
[    5.993270] systemd[1]: Reached target Path Units.
[    5.993305] systemd[1]: Reached target Remote File Systems.
[    5.993337] systemd[1]: Reached target Slice Units.
[    5.996122] systemd[1]: Listening on Process Core Dump Socket.
[    5.997990] systemd[1]: Listening on Credential Encryption/Decryption.
[    5.998445] systemd[1]: Listening on Journal Audit Socket.
[    5.998721] systemd[1]: Listening on Userspace Out-Of-Memory (OOM) Killer Socket.
[    5.999311] systemd[1]: Make TPM PCR Policy skipped, unmet condition check ConditionSecurity=measured-uki
[    5.999450] systemd[1]: Listening on udev Control Socket.
[    6.002328] systemd[1]: Mounting Huge Pages File System...
[    6.006432] systemd[1]: Mounting POSIX Message Queue File System...
[    6.012858] systemd[1]: Mounting Kernel Debug File System...
[    6.042462] systemd[1]: Mounting Kernel Trace File System...
[    6.045415] systemd[1]: Starting Create List of Static Device Nodes...
[    6.053277] systemd[1]: Starting Load Kernel Module configfs...
[    6.053365] systemd[1]: Load Kernel Module drm skipped, unmet condition check ConditionKernelModuleLoaded=!drm
[    6.062759] systemd[1]: Starting Load Kernel Module efi_pstore...
[    6.068187] systemd[1]: Starting Load Kernel Module fuse...
[    6.068321] systemd[1]: Clear Stale Hibernate Storage Info skipped, unmet condition check ConditionPathExists=/sys/firmware/efi/efivars/HibernateLocation-8cf2644b-4b0b-428f-9387-6d876050dc67
[    6.076291] systemd[1]: Starting Journal Service...
[    6.079300] systemd[1]: Starting Load Kernel Modules...
[    6.092427] (modprobe)[277]: modprobe@fuse.service: modprobe@fuse.service: Unable to locate executable 'modprobe': No such file or directory
[    6.099389] (modprobe)[276]: modprobe@efi_pstore.service: modprobe@efi_pstore.service: Unable to locate executable 'modprobe': No such file or directory
[    6.100249] systemd[1]: Starting Remount Root and Kernel File Systems...
[    6.100352] systemd[1]: Early TPM SRK Setup skipped, unmet condition check ConditionSecurity=measured-uki
[    6.103546] systemd[1]: Starting Coldplug All udev Devices...
[    6.106155] systemd[1]: Mounted Huge Pages File System.
[    6.106461] systemd[1]: Mounted POSIX Message Queue File System.
[    6.106673] systemd[1]: Mounted Kernel Debug File System.
[    6.106853] systemd[1]: Mounted Kernel Trace File System.
[    6.107281] systemd[1]: modprobe@efi_pstore.service: Deactivated successfully.
[    6.107759] systemd[1]: Finished Load Kernel Module efi_pstore.
[    6.111428] systemd[1]: Finished Create List of Static Device Nodes.
[    6.117141] systemd[1]: modprobe@fuse.service: Deactivated successfully.
[    6.117584] systemd[1]: Finished Load Kernel Module fuse.
[    6.118272] systemd[1]: FUSE Control File System skipped, unmet condition check ConditionPathExists=/sys/fs/fuse/connections
[    6.120707] systemd[1]: Starting Create Static Device Nodes in /dev gracefully...
[    6.128548] (modprobe)[275]: modprobe@configfs.service: modprobe@configfs.service: Unable to locate executable 'modprobe': No such file or directory
[    6.130120] systemd[1]: modprobe@configfs.service: Deactivated successfully.
[    6.130627] systemd[1]: Finished Load Kernel Module configfs.
[    6.131168] systemd[1]: Kernel Configuration File System skipped, unmet condition check ConditionPathExists=/sys/kernel/config
[    6.168988] systemd-journald[278]: Collecting audit messages is enabled.
[    6.176150] EXT4-fs (mmcblk0p2): re-mounted ddb97cbc-b090-446f-a4ab-fd2d43f1834a.
[    6.183319] systemd[1]: Finished Remount Root and Kernel File Systems.
[    6.183657] systemd[1]: Platform Persistent Storage Archival skipped, unmet condition check ConditionDirectoryNotEmpty=/sys/fs/pstore
[    6.188507] systemd[1]: Starting Load/Save OS Random Seed...
[    6.200197] systemd[1]: Starting Network Time Synchronization...
[    6.200255] systemd[1]: TPM SRK Setup skipped, unmet condition check ConditionSecurity=measured-uki
[    6.200557] systemd[1]: Started Journal Service.
[    6.326074] systemd-journald[278]: Received client request to flush runtime journal.
[    6.336669] systemd-journald[278]: File /var/log/journal/84fa94c5a1364891b8d64266c8d48611/system.journal corrupted or uncleanly shut down, renaming and replacing.
[    6.510676] kvm_amd: TSC scaling supported
[    6.510685] kvm_amd: Nested Virtualization enabled
[    6.510688] kvm_amd: Nested Paging enabled
[    6.510691] kvm_amd: LBR virtualization supported
[    6.510700] kvm_amd: Virtual VMLOAD VMSAVE supported
[    6.510701] kvm_amd: Virtual GIF supported
[    6.535212] loop: module loaded
[    6.950534] zram0: detected capacity change from 0 to 7661568
[    7.178165] Adding 3830780k swap on /dev/zram0.  Priority:100 extents:1 across:3830780k SSDsc
[    7.239446] input: Power Button as /devices/LNXSYSTM:00/LNXSYBUS:00/PNP0C0C:00/input/input1
[    7.241352] ACPI: button: Power Button [PWRB]
[    7.241510] input: Lid Switch as /devices/LNXSYSTM:00/LNXSYBUS:00/PNP0C0D:00/input/input2
[    7.241964] ACPI: button: Lid Switch [LID0]
[    7.242087] input: Sleep Button as /devices/LNXSYSTM:00/LNXSYBUS:00/PNP0C0E:00/input/input3
[    7.243531] ACPI: button: Sleep Button [SLPB]
[    7.243663] input: Power Button as /devices/LNXSYSTM:00/LNXPWRBN:00/input/input4
[    7.243804] ACPI: button: Power Button [PWRF]
[    7.287408] ACPI: video: Video Device [VGA2] (multi-head: yes  rom: no  post: no)
[    7.287839] input: Video Bus as /devices/LNXSYSTM:00/LNXSYBUS:00/PNP0A08:00/LNXVIDEO:02/input/input5
[    7.299514] hid: raw HID events driver (C) Jiri Kosina
[    7.431875] Adding 6002064k swap on /dev/mmcblk0p3.  Priority:-2 extents:1 across:6002064k SS
[    7.455618] rtc_cmos 00:01: RTC can wake from S4
[    7.455731] ACPI: AC: AC Adapter [ADP1] (off-line)
[    7.461908] ACPI: battery: Slot [BAT0] (battery present)
[    7.484484] rtc_cmos 00:01: registered as rtc0
[    7.484534] rtc_cmos 00:01: setting system clock to 2026-05-11T19:14:26 UTC (1778526866)
[    7.500982] rtc_cmos 00:01: alarms up to one month, 114 bytes nvram
[    7.558663] thermal LNXTHERM:00: registered as thermal_zone0
[    7.558673] ACPI: thermal: Thermal Zone [TZS0] (61 C)
[    7.559272] thermal LNXTHERM:01: registered as thermal_zone1
[    7.559279] ACPI: thermal: Thermal Zone [TZS1] (57 C)
[    7.624521] ACPI Warning: SystemIO range 0x0000000000000B00-0x0000000000000B08 conflicts with OpRegion 0x0000000000000B00-0x0000000000000B0F (\_SB.PCI0.SMB.SMB0) (20250807/utaddress-204)
[    7.624539] ACPI: OSL: Resource conflict; ACPI support missing from driver?
[    7.674179] ACPI: battery: new hook: Ideapad Battery Extension
[    7.675439] input: Ideapad extra buttons as /devices/pci0000:00/0000:00:14.3/PNP0C09:00/VPC2004:00/input/input6
[    7.675642] ideapad_acpi VPC2004:00: Keyboard backlight control not available
[    7.684661] sp5100_tco: SP5100/SB800 TCO WatchDog Timer Driver
[    7.684842] sp5100-tco sp5100-tco: Using 0xfeb00000 for watchdog MMIO address
[    7.731213] sp5100-tco sp5100-tco: initialized. heartbeat=60 sec (nowayout=0)
[    7.766595] ideapad_acpi VPC2004:00: DYTC interface is not available
[    7.950175] cfg80211: Loading compiled-in X.509 certificates for regulatory database
[    7.960710] pstore: Using crash dump compression: deflate
[    7.961808] Loaded X.509 cert 'sforshee: 00b28ddf47aef9cea7'
[    7.962169] Loaded X.509 cert 'wens: 61c038651aabdcf94bd0ac7ff06c7248db18c600'
[    7.978293] acpi_cpufreq: overriding BIOS provided _PSD data
[    7.988904] pstore: Registered efi_pstore as persistent store backend
[    8.058749] EDAC MC: Ver: 3.0.0
[    8.067179] MCE: In-kernel MCE decoding enabled.
[    8.120910] snd_hda_intel 0000:00:01.1: enabling device (0000 -> 0002)
[    8.121306] snd_hda_intel 0000:00:01.1: Force to non-snoop mode
[    8.121403] snd_hda_intel 0000:00:09.2: enabling device (0004 -> 0006)
[    8.217291] mc: Linux media interface: v0.10
[    8.221260] input: HDA ATI HDMI HDMI/DP,pcm=3 as /devices/pci0000:00/0000:00:01.1/sound/card0/input7
[    8.284433] snd_hda_codec_alc269 hdaudioC1D0: ALC257: picked fixup  for PCI SSID 17aa:0000
[    8.284834] snd_hda_codec_alc269 hdaudioC1D0: autoconfig for ALC257: line_outs=1 (0x14/0x0/0x0/0x0/0x0) type:speaker
[    8.284846] snd_hda_codec_alc269 hdaudioC1D0:    speaker_outs=0 (0x0/0x0/0x0/0x0/0x0)
[    8.284850] snd_hda_codec_alc269 hdaudioC1D0:    hp_outs=1 (0x21/0x0/0x0/0x0/0x0)
[    8.284854] snd_hda_codec_alc269 hdaudioC1D0:    mono: mono_out=0x0
[    8.284856] snd_hda_codec_alc269 hdaudioC1D0:    inputs:
[    8.284859] snd_hda_codec_alc269 hdaudioC1D0:      Internal Mic=0x12
[    8.284862] snd_hda_codec_alc269 hdaudioC1D0:      Mic=0x19
[    8.300326] videodev: Linux video capture interface: v2.00
[    8.494661] input: HDA Digital PCBeep as /devices/pci0000:00/0000:00:09.2/sound/card1/input8
[    8.494768] input: HD-Audio Generic Mic as /devices/pci0000:00/0000:00:09.2/sound/card1/input9
[    8.494919] input: HD-Audio Generic Headphone as /devices/pci0000:00/0000:00:09.2/sound/card1/input10
[    8.552240] input: ELAN0666:00 04F3:304B Mouse as /devices/platform/AMD0010:03/i2c-0/i2c-ELAN0666:00/0018:04F3:304B.0001/input/input11
[    8.559360] input: ELAN0666:00 04F3:304B Touchpad as /devices/platform/AMD0010:03/i2c-0/i2c-ELAN0666:00/0018:04F3:304B.0001/input/input12
[    8.575360] hid-generic 0018:04F3:304B.0001: input,hidraw0: I2C HID v1.00 Mouse [ELAN0666:00 04F3:304B] on i2c-ELAN0666:00
[    8.650077] Bluetooth: Core ver 2.22
[    8.650117] NET: Registered PF_BLUETOOTH protocol family
[    8.650119] Bluetooth: HCI device and connection manager initialized
[    8.650128] Bluetooth: HCI socket layer initialized
[    8.650138] Bluetooth: L2CAP socket layer initialized
[    8.650144] Bluetooth: SCO socket layer initialized
[    8.741475] usbcore: registered new interface driver btusb
[    8.744773] Bluetooth: hci0: RTL: examining hci_ver=0a hci_rev=000c lmp_ver=0a lmp_subver=8822
[    8.745961] Bluetooth: hci0: RTL: rom_version status=0 version=3
[    8.752271] Bluetooth: hci0: RTL: btrtl_initialize: key id 0
[    8.752284] Bluetooth: hci0: RTL: loading rtl_bt/rtl8822cu_fw.bin
[    8.769205] Bluetooth: hci0: RTL: loading rtl_bt/rtl8822cu_config.bin
[    8.770075] asus_wmi: ASUS WMI generic driver loaded
[    8.770508] Bluetooth: hci0: RTL: cfg_sz 6, total sz 37274
[    8.774473] input: ELAN0666:00 04F3:304B Mouse as /devices/platform/AMD0010:03/i2c-0/i2c-ELAN0666:00/0018:04F3:304B.0001/input/input13
[    8.790252] asus_wmi: ASUS Management GUID not found
[    8.902029] rtw88_8822ce 0000:02:00.0: enabling device (0000 -> 0003)
[    8.907924] rtw88_8822ce 0000:02:00.0: WOW Firmware version 9.9.4, H2C version 15
[    8.910476] rtw88_8822ce 0000:02:00.0: Firmware version 9.9.15, H2C version 15
[    8.916213] uvcvideo 2-1.1:1.0: Found UVC 1.00 device EasyCamera (04f2:b5fa)
[    8.933910] input: ELAN0666:00 04F3:304B Touchpad as /devices/platform/AMD0010:03/i2c-0/i2c-ELAN0666:00/0018:04F3:304B.0001/input/input14
[    8.934142] hid-multitouch 0018:04F3:304B.0001: input,hidraw0: I2C HID v1.00 Mouse [ELAN0666:00 04F3:304B] on i2c-ELAN0666:00
[    9.012215] usbcore: registered new interface driver uvcvideo
[    9.078583] mousedev: PS/2 mouse device common for all mice
[    9.079712] Bluetooth: hci0: RTL: fw version 0x2b66d962
[    9.208568] rtw88_8822ce 0000:02:00.0 wlp2s0: renamed from wlan0
[    9.892250] systemd-journald[278]: File /var/log/journal/84fa94c5a1364891b8d64266c8d48611/user-1001.journal corrupted or uncleanly shut down, renaming and replacing.
[   10.116722] input: kanata as /devices/virtual/input/input15
[   22.902956] NOTICE: Automounting of tracing to debugfs is deprecated and will be removed in 2030
[   22.937932] amdgpu: Virtual CRAT table created for CPU
[   22.937984] amdgpu: Topology: Add CPU node
[   22.938742] amdgpu 0000:00:01.0: amdgpu: initializing kernel modesetting (STONEY 0x1002:0x98E4 0x17AA:0x3F18 0xEB).
[   22.939293] amdgpu 0000:00:01.0: amdgpu: register mmio base: 0xE8C00000
[   22.939298] amdgpu 0000:00:01.0: amdgpu: register mmio size: 262144
[   22.939450] amdgpu 0000:00:01.0: amdgpu: detected ip block number 0 <common_v1_0_0> (vi_common)
[   22.939457] amdgpu 0000:00:01.0: amdgpu: detected ip block number 1 <gmc_v8_0_0> (gmc_v8_0)
[   22.939462] amdgpu 0000:00:01.0: amdgpu: detected ip block number 2 <ih_v3_0_0> (cz_ih)
[   22.939466] amdgpu 0000:00:01.0: amdgpu: detected ip block number 3 <gfx_v8_1_0> (gfx_v8_0)
[   22.939470] amdgpu 0000:00:01.0: amdgpu: detected ip block number 4 <sdma_v3_0_0> (sdma_v3_0)
[   22.939474] amdgpu 0000:00:01.0: amdgpu: detected ip block number 5 <smu_v1_0_0> (powerplay)
[   22.939478] amdgpu 0000:00:01.0: amdgpu: detected ip block number 6 <dce_v1_0_0> (dm)
[   22.939482] amdgpu 0000:00:01.0: amdgpu: detected ip block number 7 <uvd_v6_2_0> (uvd_v6_0)
[   22.939487] amdgpu 0000:00:01.0: amdgpu: detected ip block number 8 <vce_v3_4_0> (vce_v3_0)
[   22.939492] amdgpu 0000:00:01.0: amdgpu: detected ip block number 9 <acp_v2_2_0> (acp_ip)
[   22.953739] resource: resource sanity check: requesting [mem 0x00000000000c0000-0x00000000000dffff], which spans more than PCI Bus 0000:00 [mem 0x000a0000-0x000cdfff window]
[   22.953752] caller pci_map_rom+0x69/0x1a0 mapping multiple BARs
[   22.953845] amdgpu 0000:00:01.0: amdgpu: Fetched VBIOS from ROM BAR
[   22.953854] amdgpu: ATOM BIOS: SWBRT46109.001
[   22.961211] [drm] UVD is enabled in physical mode
[   22.961221] [drm] VCE enabled in VM mode
[   22.961229] kfd kfd: amdgpu: STONEY  not supported in kfd
[   23.001328] Console: switching to colour dummy device 80x25
[   23.020918] amdgpu 0000:00:01.0: vgaarb: deactivate vga console
[   23.020931] amdgpu 0000:00:01.0: amdgpu: Trusted Memory Zone (TMZ) feature not supported
[   23.020993] amdgpu 0000:00:01.0: amdgpu: vm size is 64 GB, 2 levels, block size is 10-bit, fragment size is 9-bit
[   23.021003] amdgpu 0000:00:01.0: amdgpu: VRAM: 80M 0x000000F400000000 - 0x000000F404FFFFFF (80M used)
[   23.021008] amdgpu 0000:00:01.0: amdgpu: GART: 1024M 0x000000FF00000000 - 0x000000FF3FFFFFFF
[   23.021040] [drm] Detected VRAM RAM=80M, BAR=80M
[   23.021043] [drm] RAM width 64bits UNKNOWN
[   23.021292] amdgpu 0000:00:01.0: amdgpu: amdgpu: 80M of VRAM memory ready
[   23.021299] amdgpu 0000:00:01.0: amdgpu: amdgpu: 1870M of GTT memory ready.
[   23.021341] [drm] GART: num cpu pages 262144, num gpu pages 262144
[   23.021480] [drm] PCIE GART of 1024M enabled (table at 0x000000F400600000).
[   23.035613] amdgpu: hwmgr_sw_init smu backed is smu8_smu
[   23.051711] [drm] Found UVD firmware Version: 1.43 Family ID: 15
[   23.099276] [drm] UVD ENC is disabled
[   23.102497] [drm] Found VCE firmware Version: 52.0 Binary ID: 3
[   23.129948] amdgpu: smu version 33.09.00
[   23.178310] [drm] DM_PPLIB: values for Engine clock
[   23.178320] [drm] DM_PPLIB:	 200000
[   23.178323] [drm] DM_PPLIB:	 300000
[   23.178325] [drm] DM_PPLIB:	 400000
[   23.178326] [drm] DM_PPLIB:	 450000
[   23.178328] [drm] DM_PPLIB:	 496560
[   23.178329] [drm] DM_PPLIB:	 533340
[   23.178330] [drm] DM_PPLIB:	 576000
[   23.178331] [drm] DM_PPLIB:	 600000
[   23.178334] [drm] DM_PPLIB: Validation clocks:
[   23.178335] [drm] DM_PPLIB:    engine_max_clock: 60000
[   23.178337] [drm] DM_PPLIB:    memory_max_clock: 93300
[   23.178338] [drm] DM_PPLIB:    level           : 8
[   23.178341] [drm] DM_PPLIB: values for Display clock
[   23.178343] [drm] DM_PPLIB:	 300000
[   23.178344] [drm] DM_PPLIB:	 400000
[   23.178346] [drm] DM_PPLIB:	 496560
[   23.178347] [drm] DM_PPLIB:	 626090
[   23.178348] [drm] DM_PPLIB:	 685720
[   23.178349] [drm] DM_PPLIB:	 757900
[   23.178350] [drm] DM_PPLIB:	 800000
[   23.178351] [drm] DM_PPLIB:	 847060
[   23.178353] [drm] DM_PPLIB: Validation clocks:
[   23.178354] [drm] DM_PPLIB:    engine_max_clock: 60000
[   23.178355] [drm] DM_PPLIB:    memory_max_clock: 93300
[   23.178356] [drm] DM_PPLIB:    level           : 8
[   23.178358] [drm] DM_PPLIB: values for Memory clock
[   23.178360] [drm] DM_PPLIB:	 667000
[   23.178361] [drm] DM_PPLIB:	 933000
[   23.178362] [drm] DM_PPLIB: Validation clocks:
[   23.178363] [drm] DM_PPLIB:    engine_max_clock: 60000
[   23.178365] [drm] DM_PPLIB:    memory_max_clock: 93300
[   23.178366] [drm] DM_PPLIB:    level           : 8
[   23.178694] amdgpu 0000:00:01.0: amdgpu: [drm] Display Core v3.2.351 initialized on DCE 11.0
[   23.180452] snd_hda_intel 0000:00:01.1: bound 0000:00:01.0 (ops amdgpu_dm_audio_component_bind_ops [amdgpu])
[   23.324115] [drm] UVD initialized successfully.
[   23.429638] [drm] VCE initialized successfully.
[   23.430754] amdgpu 0000:00:01.0: amdgpu: SE 1, SH per SE 1, CU per SH 3, active_cu_number 3
[   23.431986] amdgpu: pp_dpm_get_sclk_od was not implemented.
[   23.431993] amdgpu: pp_dpm_get_mclk_od was not implemented.
[   23.432201] amdgpu 0000:00:01.0: amdgpu: Runtime PM not available
[   23.432826] amdgpu 0000:00:01.0: amdgpu: [drm] Using custom brightness curve
[   23.433102] amdgpu 0000:00:01.0: [drm] Registered 2 planes with drm panic
[   23.433107] [drm] Initialized amdgpu 3.64.0 for 0000:00:01.0 on minor 1
[   23.447040] fbcon: amdgpudrmfb (fb0) is primary device
[   24.430031] Console: switching to colour frame buffer device 170x48
[   24.450102] amdgpu 0000:00:01.0: [drm] fb0: amdgpudrmfb frame buffer device
[   24.789841] NET: Registered PF_PACKET protocol family
[   29.201619] wlp2s0: authenticate with e2:cb:ac:b6:f6:d1 (local address=a2:67:e6:7f:42:3a)
[   29.454420] wlp2s0: send auth to e2:cb:ac:b6:f6:d1 (try 1/3)
[   29.458031] wlp2s0: authenticated
[   29.460258] wlp2s0: associate with e2:cb:ac:b6:f6:d1 (try 1/3)
[   29.464387] wlp2s0: RX AssocResp from e2:cb:ac:b6:f6:d1 (capab=0x1511 status=0 aid=1)
[   29.464891] wlp2s0: associated
[   29.576159] wlp2s0: Limiting TX power to 20 (23 - 3) dBm as advertised by e2:cb:ac:b6:f6:d1
[   52.569587] fuse: init (API version 7.45)
[  275.805296] wlp2s0: deauthenticating from e2:cb:ac:b6:f6:d1 by local choice (Reason: 3=DEAUTH_LEAVING)
[  283.451078] wlp2s0: authenticate with e2:cb:ac:b6:f6:d1 (local address=7e:e4:b6:f7:ce:18)
[  283.544397] wlp2s0: send auth to e2:cb:ac:b6:f6:d1 (try 1/3)
[  283.548004] wlp2s0: authenticated
[  283.552248] wlp2s0: associate with e2:cb:ac:b6:f6:d1 (try 1/3)
[  283.554530] wlp2s0: RX AssocResp from e2:cb:ac:b6:f6:d1 (capab=0x1511 status=0 aid=1)
[  283.555030] wlp2s0: associated
[  283.596364] wlp2s0: Limiting TX power to 20 (23 - 3) dBm as advertised by e2:cb:ac:b6:f6:d1
[  414.840218] wlp2s0: deauthenticating from e2:cb:ac:b6:f6:d1 by local choice (Reason: 3=DEAUTH_LEAVING)
[  425.440001] wlp2s0: authenticate with e2:cb:ac:b6:f6:d1 (local address=b6:6a:0d:50:ac:85)
[  425.532236] wlp2s0: send auth to e2:cb:ac:b6:f6:d1 (try 1/3)
[  425.535672] wlp2s0: authenticated
[  425.536333] wlp2s0: associate with e2:cb:ac:b6:f6:d1 (try 1/3)
[  425.538903] wlp2s0: RX AssocResp from e2:cb:ac:b6:f6:d1 (capab=0x1511 status=0 aid=1)
[  425.539387] wlp2s0: associated
[  425.619714] wlp2s0: Limiting TX power to 20 (23 - 3) dBm as advertised by e2:cb:ac:b6:f6:d1
[  778.210906] wireguard: WireGuard 1.0.0 loaded. See www.wireguard.com for information.
[  778.210913] wireguard: Copyright (C) 2015-2019 Jason A. Donenfeld <Jason@zx2c4.com>. All Rights Reserved.
[ 1495.262068] perf: interrupt took too long (2508 > 2500), lowering kernel.perf_event_max_sample_rate to 79500
[ 2636.114256] perf: interrupt took too long (3164 > 3135), lowering kernel.perf_event_max_sample_rate to 63000
