[2merror.message=[0m"could not proxy TCP data to/from instance: failed to copy (direction=client->server, op=read, error=fly-proxy-p2p/tls/tcp-backhaul: unexpected end of file)" [2m2026-05-22T12:40:26Z[0m proxy[0807661b23e118] [32miad[0m [[31merror[0m]
[2merror.message=[0m"could not proxy TCP data to/from instance: failed to copy (direction=client->server, op=read, error=fly-proxy-p2p/tls/tcp-backhaul: unexpected end of file)" [2m2026-05-22T12:44:36Z[0m proxy[0807661b23e118] [32miad[0m [[31merror[0m]
[2merror.message=[0m"could not proxy TCP data to/from instance: failed to copy (direction=client->server, op=read, error=fly-proxy-p2p/tls/tcp-backhaul: unexpected end of file)" [2m2026-05-22T13:03:00Z[0m proxy[0807661b23e118] [32miad[0m [[31merror[0m]
[2merror.message=[0m"could not proxy TCP data to/from instance: failed to copy (direction=client->server, op=read, error=fly-proxy-p2p/tls/tcp-backhaul: unexpected end of file)" [2m2026-05-22T13:04:41Z[0m proxy[0807661b23e118] [32miad[0m [[31merror[0m]
[2merror.message=[0m"could not proxy TCP data to/from instance: failed to copy (direction=client->server, op=read, error=fly-proxy-p2p/tls/tcp-backhaul: unexpected end of file)" [2m2026-05-22T13:11:18Z[0m proxy[0807661b23e118] [32miad[0m [[31merror[0m]
[2merror.message=[0m"could not proxy TCP data to/from instance: failed to copy (direction=client->server, op=read, error=fly-proxy-p2p/tls/tcp-backhaul: unexpected end of file)" [2m2026-05-22T13:17:07Z[0m proxy[0807661b23e118] [32miad[0m [[31merror[0m]
[2merror.message=[0m"could not proxy TCP data to/from instance: failed to copy (direction=client->server, op=read, error=fly-proxy-p2p/tls/tcp-backhaul: unexpected end of file)" [2m2026-05-22T13:21:13Z[0m proxy[0807661b23e118] [32miad[0m [[31merror[0m]
[2merror.message=[0m"could not proxy TCP data to/from instance: failed to copy (direction=client->server, op=read, error=fly-proxy-p2p/tls/tcp-backhaul: unexpected end of file)" [2m2026-05-22T13:22:53Z[0m proxy[0807661b23e118] [32miad[0m [[31merror[0m]
[2merror.message=[0m"could not proxy TCP data to/from instance: failed to copy (direction=client->server, op=read, error=fly-proxy-p2p/tls/tcp-backhaul: unexpected end of file)" [2m2026-05-22T13:34:24Z[0m proxy[0807661b23e118] [32miad[0m [[31merror[0m]
[2merror.message=[0m"could not proxy TCP data to/from instance: failed to copy (direction=client->server, op=read, error=fly-proxy-p2p/tls/tcp-backhaul: unexpected end of file)" [2m2026-05-22T13:40:06Z[0m proxy[0807661b23e118] [32miad[0m [[31merror[0m]
[2merror.message=[0m"could not proxy TCP data to/from instance: failed to copy (direction=client->server, op=read, error=fly-proxy-p2p/tls/tcp-backhaul: unexpected end of file)" [2m2026-05-22T13:45:51Z[0m proxy[0807661b23e118] [32miad[0m [[31merror[0m]
[2merror.message=[0m"could not proxy TCP data to/from instance: failed to copy (direction=client->server, op=read, error=fly-proxy-p2p/tls/tcp-backhaul: unexpected end of file)" [2m2026-05-22T13:51:33Z[0m proxy[0807661b23e118] [32miad[0m [[31merror[0m]
[2merror.message=[0m"could not proxy TCP data to/from instance: failed to copy (direction=client->server, op=read, error=fly-proxy-p2p/tls/tcp-backhaul: unexpected end of file)" [2m2026-05-22T14:02:56Z[0m proxy[0807661b23e118] [32miad[0m [[31merror[0m]
[2merror.message=[0m"could not proxy TCP data to/from instance: failed to copy (direction=client->server, op=read, error=fly-proxy-p2p/tls/tcp-backhaul: unexpected end of file)" [2m2026-05-22T14:08:38Z[0m proxy[0807661b23e118] [32miad[0m [[31merror[0m]
[2merror.message=[0m"could not proxy TCP data to/from instance: failed to copy (direction=client->server, op=read, error=fly-proxy-p2p/tls/tcp-backhaul: unexpected end of file)" [2m2026-05-22T14:20:03Z[0m proxy[0807661b23e118] [32miad[0m [[31merror[0m]
[2merror.message=[0m"could not proxy TCP data to/from instance: failed to copy (direction=client->server, op=read, error=fly-proxy-p2p/tls/tcp-backhaul: unexpected end of file)" [2m2026-05-22T14:25:51Z[0m proxy[0807661b23e118] [32miad[0m [[31merror[0m]
[2merror.message=[0m"could not proxy TCP data to/from instance: failed to copy (direction=client->server, op=read, error=fly-proxy-p2p/tls/tcp-backhaul: unexpected end of file)" [2m2026-05-22T14:31:31Z[0m proxy[0807661b23e118] [32miad[0m [[31merror[0m]
[2merror.message=[0m"could not proxy TCP data to/from instance: failed to copy (direction=client->server, op=read, error=fly-proxy-p2p/tls/tcp-backhaul: unexpected end of file)" [2m2026-05-22T14:37:14Z[0m proxy[0807661b23e118] [32miad[0m [[31merror[0m]
[2merror.message=[0m"could not proxy TCP data to/from instance: failed to copy (direction=client->server, op=read, error=fly-proxy-p2p/tls/tcp-backhaul: unexpected end of file)" [2m2026-05-22T14:42:56Z[0m proxy[0807661b23e118] [32miad[0m [[31merror[0m]
[2merror.message=[0m"could not proxy TCP data to/from instance: failed to copy (direction=client->server, op=read, error=fly-proxy-p2p/tls/tcp-backhaul: unexpected end of file)" [2m2026-05-22T14:48:36Z[0m proxy[0807661b23e118] [32miad[0m [[31merror[0m]
[2merror.message=[0m"could not proxy TCP data to/from instance: failed to copy (direction=client->server, op=read, error=fly-proxy-p2p/tls/tcp-backhaul: unexpected end of file)" [2m2026-05-22T14:51:01Z[0m proxy[0807661b23e118] [32miad[0m [[31merror[0m]
[2merror.message=[0m"could not proxy TCP data to/from instance: failed to copy (direction=client->server, op=read, error=fly-proxy-p2p/tls/tcp-backhaul: unexpected end of file)" [2m2026-05-22T15:04:52Z[0m proxy[0807661b23e118] [32miad[0m [[31merror[0m]
[2merror.message=[0m"could not proxy TCP data to/from instance: failed to copy (direction=client->server, op=read, error=fly-proxy-p2p/tls/tcp-backhaul: unexpected end of file)" [2m2026-05-22T15:05:45Z[0m proxy[0807661b23e118] [32miad[0m [[31merror[0m]
[2merror.message=[0m"could not proxy TCP data to/from instance: failed to copy (direction=client->server, op=read, error=fly-proxy-p2p/tls/tcp-backhaul: unexpected end of file)" [2m2026-05-22T15:15:24Z[0m proxy[0807661b23e118] [32miad[0m [[31merror[0m]
[2merror.message=[0m"could not proxy TCP data to/from instance: failed to copy (direction=client->server, op=read, error=fly-proxy-p2p/tls/tcp-backhaul: unexpected end of file)" [2m2026-05-22T15:15:57Z[0m proxy[0807661b23e118] [32miad[0m [[31merror[0m]
[2merror.message=[0m"could not proxy TCP data to/from instance: failed to copy (direction=client->server, op=read, error=fly-proxy-p2p/tls/tcp-backhaul: unexpected end of file)" [2m2026-05-22T15:16:42Z[0m proxy[0807661b23e118] [32miad[0m [[31merror[0m]
[2merror.message=[0m"could not proxy TCP data to/from instance: failed to copy (direction=client->server, op=read, error=fly-proxy-p2p/tls/tcp-backhaul: unexpected end of file)" [2m2026-05-22T15:20:04Z[0m proxy[0807661b23e118] [32miad[0m [[31merror[0m]
[2merror.message=[0m"could not proxy TCP data to/from instance: failed to copy (direction=client->server, op=read, error=fly-proxy-p2p/tls/tcp-backhaul: unexpected end of file)" [2m2026-05-22T15:21:41Z[0m proxy[0807661b23e118] [32miad[0m [[31merror[0m]
[2m2026-05-22T15:21:59Z[0m app[0807661b23e118] [32miad[0m [[34minfo[0m][33m WARN[0m Reaped child process with pid: 5080 and signal: SIGTERM, core dumped? false
[2merror.message=[0m"could not proxy TCP data to/from instance: failed to copy (direction=client->server, op=read, error=fly-proxy-p2p/tls/tcp-backhaul: unexpected end of file)" [2m2026-05-22T15:22:56Z[0m proxy[0807661b23e118] [32miad[0m [[31merror[0m]
[2merror.message=[0m"could not proxy TCP data to/from instance: failed to copy (direction=client->server, op=read, error=fly-proxy-p2p/tls/tcp-backhaul: unexpected end of file)" [2m2026-05-22T15:28:39Z[0m proxy[0807661b23e118] [32miad[0m [[31merror[0m]
[2merror.message=[0m"could not proxy TCP data to/from instance: failed to copy (direction=client->server, op=read, error=fly-proxy-p2p/tls/tcp-backhaul: unexpected end of file)" [2m2026-05-22T15:28:46Z[0m proxy[0807661b23e118] [32miad[0m [[31merror[0m]
[2merror.message=[0m"could not proxy TCP data to/from instance: failed to copy (direction=client->server, op=read, error=fly-proxy-p2p/tls/tcp-backhaul: unexpected end of file)" [2m2026-05-22T15:34:02Z[0m proxy[0807661b23e118] [32miad[0m [[31merror[0m]
[2merror.message=[0m"could not proxy TCP data to/from instance: failed to copy (direction=client->server, op=read, error=fly-proxy-p2p/tls/tcp-backhaul: unexpected end of file)" [2m2026-05-22T15:39:58Z[0m proxy[0807661b23e118] [32miad[0m [[31merror[0m]
[2merror.message=[0m"could not proxy TCP data to/from instance: failed to copy (direction=client->server, op=read, error=fly-proxy-p2p/tls/tcp-backhaul: unexpected end of file)" [2m2026-05-22T15:44:00Z[0m proxy[0807661b23e118] [32miad[0m [[31merror[0m]
[2merror.message=[0m"could not proxy TCP data to/from instance: failed to copy (direction=client->server, op=read, error=fly-proxy-p2p/tls/tcp-backhaul: unexpected end of file)" [2m2026-05-22T15:45:43Z[0m proxy[0807661b23e118] [32miad[0m [[31merror[0m]
[2merror.message=[0m"could not proxy TCP data to/from instance: failed to copy (direction=client->server, op=read, error=fly-proxy-p2p/tls/tcp-backhaul: unexpected end of file)" [2m2026-05-22T15:51:22Z[0m proxy[0807661b23e118] [32miad[0m [[31merror[0m]
[2merror.message=[0m"could not proxy TCP data to/from instance: failed to copy (direction=client->server, op=read, error=fly-proxy-p2p/tls/tcp-backhaul: unexpected end of file)" [2m2026-05-22T15:57:07Z[0m proxy[0807661b23e118] [32miad[0m [[31merror[0m]
[2merror.message=[0m"could not proxy TCP data to/from instance: failed to copy (direction=client->server, op=read, error=fly-proxy-p2p/tls/tcp-backhaul: unexpected end of file)" [2m2026-05-22T16:07:54Z[0m proxy[0807661b23e118] [32miad[0m [[31merror[0m]
[2merror.message=[0m"could not proxy TCP data to/from instance: failed to copy (direction=client->server, op=read, error=fly-proxy-p2p/tls/tcp-backhaul: unexpected end of file)" [2m2026-05-22T16:08:32Z[0m proxy[0807661b23e118] [32miad[0m [[31merror[0m]
[2merror.message=[0m"could not proxy TCP data to/from instance: failed to copy (direction=client->server, op=read, error=fly-proxy-p2p/tls/tcp-backhaul: unexpected end of file)" [2m2026-05-22T16:14:57Z[0m proxy[0807661b23e118] [32miad[0m [[31merror[0m]
[2m2026-05-22T17:52:10Z[0m app[0807661b23e118] [32miad[0m [[34minfo[0m]2026/05/22 17:52:10 downstream "[fdaa:3:7a15:a7b:8cfe:2709:e7f0:ff02]:35336": registration complete for user "init"
[2m2026-05-22T17:52:10Z[0m app[0807661b23e118] [32miad[0m [[34minfo[0m]2026/05/22 17:52:10 downstream "[fdaa:3:7a15:a7b:8cfe:2709:e7f0:ff02]:35344": registration complete for user "init"
[2m2026-05-22T17:52:10Z[0m app[0807661b23e118] [32miad[0m [[34minfo[0m]2026/05/22 17:52:10 downstream "[fdaa:3:7a15:a7b:8cfe:2709:e7f0:ff02]:35346": registration complete for user "init"
[2m2026-05-22T17:52:10Z[0m app[0807661b23e118] [32miad[0m [[34minfo[0m]2026/05/22 17:52:10 downstream "[fdaa:3:7a15:a7b:8cfe:2709:e7f0:ff02]:35366": registration complete for user "init"
[2m2026-05-22T17:52:10Z[0m app[0807661b23e118] [32miad[0m [[34minfo[0m]2026/05/22 17:52:10 downstream "[fdaa:3:7a15:a7b:8cfe:2709:e7f0:ff02]:35364": registration complete for user "init"
[2m2026-05-22T17:57:56Z[0m app[0807661b23e118] [32miad[0m [[34minfo[0m]2026/05/22 17:57:56 user "init": upstream "libera": joined channel "#rhel"
[2m2026-05-22T17:58:36Z[0m app[0807661b23e118] [32miad[0m [[34minfo[0m]2026/05/22 17:58:36 user "init": upstream "libera": joined channel "#clojure"
[2m2026-05-22T17:59:25Z[0m app[0807661b23e118] [32miad[0m [[34minfo[0m]2026/05/22 17:59:25 user "init": upstream "libera": joined channel "##chat"
[2merror.message=[0m"could not proxy TCP data to/from instance: failed to copy (direction=client->server, op=read, error=fly-proxy-p2p/tls/tcp-backhaul: unexpected end of file)" [2m2026-05-22T18:00:32Z[0m proxy[0807661b23e118] [32miad[0m [[31merror[0m]
[2merror.message=[0m"could not proxy TCP data to/from instance: failed to copy (direction=client->server, op=read, error=fly-proxy-p2p/tls/tcp-backhaul: unexpected end of file)" [2m2026-05-22T18:56:49Z[0m proxy[0807661b23e118] [32miad[0m [[31merror[0m]
[2m2026-05-22T19:16:07Z[0m app[0807661b23e118] [32miad[0m [[34minfo[0m][32m INFO[0m Starting init (commit: ea887ee)...
[2m2026-05-22T19:16:07Z[0m app[0807661b23e118] [32miad[0m [[34minfo[0m][32m INFO[0m Checking filesystem on /var/lib/nix_persist
[2m2026-05-22T19:16:07Z[0m app[0807661b23e118] [32miad[0m [[34minfo[0m]/dev/vdc: recovering journal
[2m2026-05-22T19:16:07Z[0m app[0807661b23e118] [32miad[0m [[34minfo[0m]/dev/vdc: clean, 142166/3276800 files, 748363/13103104 blocks
[2m2026-05-22T19:16:07Z[0m app[0807661b23e118] [32miad[0m [[34minfo[0m][32m INFO[0m Mounting /dev/vdc at /var/lib/nix_persist w/ uid: 0, gid: 0 and chmod 0755
[2m2026-05-22T19:16:07Z[0m app[0807661b23e118] [32miad[0m [[34minfo[0m][32m INFO[0m Resized /var/lib/nix_persist to 53670313984 bytes
[2m2026-05-22T19:16:07Z[0m app[0807661b23e118] [32miad[0m [[34minfo[0m][32m INFO[0m Preparing to run: `/entrypoint.sh` as root
[2m2026-05-22T19:16:07Z[0m app[0807661b23e118] [32miad[0m [[34minfo[0m][32m INFO[0m [fly api proxy] listening at /.fly/api
[2m2026-05-22T19:16:07Z[0m app[0807661b23e118] [32miad[0m [[34minfo[0m]🚀 Starting Fedora-based Nix Builder...
[2m2026-05-22T19:16:07Z[0m app[0807661b23e118] [32miad[0m [[34minfo[0m]📦 Mounting persistent Nix store...
[2m2026-05-22T19:16:07Z[0m app[0807661b23e118] [32miad[0m [[34minfo[0m]🛡️ Configuring WireGuard...
[2m2026-05-22T19:16:07Z[0m app[0807661b23e118] [32miad[0m [[34minfo[0m]net.ipv4.ip_forward = 1
[2m2026-05-22T19:16:07Z[0m app[0807661b23e118] [32miad[0m [[34minfo[0m]net.ipv6.conf.all.forwarding = 1
[2m2026-05-22T19:16:07Z[0m app[0807661b23e118] [32miad[0m [[34minfo[0m][#] ip link add dev wg-sober type wireguard
[2m2026-05-22T19:16:07Z[0m app[0807661b23e118] [32miad[0m [[34minfo[0m][#] wg setconf wg-sober /dev/fd/63
[2m2026-05-22T19:16:07Z[0m app[0807661b23e118] [32miad[0m [[34minfo[0m][#] ip -4 address add 10.13.13.1/24 dev wg-sober
[2m2026-05-22T19:16:07Z[0m app[0807661b23e118] [32miad[0m [[34minfo[0m][#] ip link set mtu 1280 up dev wg-sober
[2m2026-05-22T19:16:07Z[0m app[0807661b23e118] [32miad[0m [[34minfo[0m][#] iptables -A FORWARD -i wg-sober -j ACCEPT; iptables -A FORWARD -o wg-sober -m state --state RELATED,ESTABLISHED -j ACCEPT; iptables -t nat -A POSTROUTING -o eth0 -j MASQUERADE
[2m2026-05-22T19:16:07Z[0m runner[0807661b23e118] [32miad[0m [[34minfo[0m]Machine started in 1.092s
[2m2026-05-22T19:16:07Z[0m app[0807661b23e118] [32miad[0m [[34minfo[0m]🔑 Restoring host keys from persistent volume...
[2m2026-05-22T19:16:07Z[0m app[0807661b23e118] [32miad[0m [[34minfo[0m]❄️ Starting Nix Daemon...
[2m2026-05-22T19:16:07Z[0m app[0807661b23e118] [32miad[0m [[34minfo[0m]2026/05/22 19:16:07 INFO SSH listening listen_address=[fdaa:3:7a15:a7b:572:11c:754f:2]:22
[2m2026-05-22T19:16:20Z[0m app[0807661b23e118] [32miad[0m [[34minfo[0m]2026-05-22T19:16:20.020962260 [01KS8HT7C0NDR4W9Q6JJN9VBVE:main] Running Firecracker v1.14.4
[2m2026-05-22T19:16:20Z[0m app[0807661b23e118] [32miad[0m [[34minfo[0m]2026-05-22T19:16:20.021097129 [01KS8HT7C0NDR4W9Q6JJN9VBVE:main] Listening on API socket ("/fc.sock").
[2m2026-05-22T19:16:20Z[0m app[0807661b23e118] [32miad[0m [[34minfo[0m][32m INFO[0m Starting init (commit: ea887ee)...
[2m2026-05-22T19:16:20Z[0m app[0807661b23e118] [32miad[0m [[34minfo[0m][32m INFO[0m Checking filesystem on /var/lib/nix_persist
[2m2026-05-22T19:16:20Z[0m app[0807661b23e118] [32miad[0m [[34minfo[0m]/dev/vdc: recovering journal
[2m2026-05-22T19:16:20Z[0m app[0807661b23e118] [32miad[0m [[34minfo[0m]/dev/vdc: clean, 142166/3276800 files, 748363/13103104 blocks
[2m2026-05-22T19:16:20Z[0m app[0807661b23e118] [32miad[0m [[34minfo[0m][32m INFO[0m Mounting /dev/vdc at /var/lib/nix_persist w/ uid: 0, gid: 0 and chmod 0755
[2m2026-05-22T19:16:20Z[0m app[0807661b23e118] [32miad[0m [[34minfo[0m][32m INFO[0m Resized /var/lib/nix_persist to 53670313984 bytes
[2m2026-05-22T19:16:20Z[0m app[0807661b23e118] [32miad[0m [[34minfo[0m][32m INFO[0m Preparing to run: `/entrypoint.sh` as root
[2m2026-05-22T19:16:20Z[0m app[0807661b23e118] [32miad[0m [[34minfo[0m][32m INFO[0m [fly api proxy] listening at /.fly/api
[2m2026-05-22T19:16:20Z[0m app[0807661b23e118] [32miad[0m [[34minfo[0m]🚀 Starting Fedora-based Nix Builder...
[2m2026-05-22T19:16:20Z[0m app[0807661b23e118] [32miad[0m [[34minfo[0m]📦 Mounting persistent Nix store...
[2m2026-05-22T19:16:20Z[0m app[0807661b23e118] [32miad[0m [[34minfo[0m]🛡️ Configuring WireGuard...
[2m2026-05-22T19:16:20Z[0m app[0807661b23e118] [32miad[0m [[34minfo[0m]net.ipv4.ip_forward = 1
[2m2026-05-22T19:16:20Z[0m app[0807661b23e118] [32miad[0m [[34minfo[0m]net.ipv6.conf.all.forwarding = 1
[2m2026-05-22T19:16:20Z[0m app[0807661b23e118] [32miad[0m [[34minfo[0m][#] ip link add dev wg-sober type wireguard
[2m2026-05-22T19:16:20Z[0m app[0807661b23e118] [32miad[0m [[34minfo[0m][#] wg setconf wg-sober /dev/fd/63
[2m2026-05-22T19:16:20Z[0m app[0807661b23e118] [32miad[0m [[34minfo[0m][#] ip -4 address add 10.13.13.1/24 dev wg-sober
[2m2026-05-22T19:16:20Z[0m app[0807661b23e118] [32miad[0m [[34minfo[0m][#] ip link set mtu 1280 up dev wg-sober
[2m2026-05-22T19:16:20Z[0m app[0807661b23e118] [32miad[0m [[34minfo[0m][#] iptables -A FORWARD -i wg-sober -j ACCEPT; iptables -A FORWARD -o wg-sober -m state --state RELATED,ESTABLISHED -j ACCEPT; iptables -t nat -A POSTROUTING -o eth0 -j MASQUERADE
[2m2026-05-22T19:16:20Z[0m runner[0807661b23e118] [32miad[0m [[34minfo[0m]Machine started in 1.12s
[2m2026-05-22T19:16:20Z[0m app[0807661b23e118] [32miad[0m [[34minfo[0m]🔑 Restoring host keys from persistent volume...
[2m2026-05-22T19:16:21Z[0m app[0807661b23e118] [32miad[0m [[34minfo[0m]2026/05/22 19:16:21 INFO SSH listening listen_address=[fdaa:3:7a15:a7b:572:11c:754f:2]:22
[2m2026-05-22T19:16:21Z[0m app[0807661b23e118] [32miad[0m [[34minfo[0m]❄️ Starting Nix Daemon...
[2m2026-05-22T19:20:16Z[0m proxy[0807661b23e118] [32miad[0m [[34minfo[0m]Starting machine
[2m2026-05-22T19:20:17Z[0m app[0807661b23e118] [32miad[0m [[34minfo[0m]2026-05-22T19:20:17.014243300 [01KS8HT7C0NDR4W9Q6JJN9VBVE:main] Running Firecracker v1.14.4
[2m2026-05-22T19:20:17Z[0m app[0807661b23e118] [32miad[0m [[34minfo[0m]2026-05-22T19:20:17.014387439 [01KS8HT7C0NDR4W9Q6JJN9VBVE:main] Listening on API socket ("/fc.sock").
